codr@ubuntu:~$ cd ece373/assignment1
codr@ubuntu:~/ece373/assignment1$ ls
hello.c  Makefile
codr@ubuntu:~/ece373/assignment1$ make
make -C /lib/modules/5.15.0-101-generic/build M=/home/codr/ece373/assignment1 modules
make[1]: Entering directory '/usr/src/linux-headers-5.15.0-101-generic'
  CC [M]  /home/codr/ece373/assignment1/hello.o
  MODPOST /home/codr/ece373/assignment1/Module.symvers
  CC [M]  /home/codr/ece373/assignment1/hello.mod.o
  LD [M]  /home/codr/ece373/assignment1/hello.ko
  BTF [M] /home/codr/ece373/assignment1/hello.ko
Skipping BTF generation for /home/codr/ece373/assignment1/hello.ko due to unavailability of vmlinux
make[1]: Leaving directory '/usr/src/linux-headers-5.15.0-101-generic'
codr@ubuntu:~/ece373/assignment1$ sudo lsmod
[sudo] password for codr: 
Module                  Size  Used by
nls_iso8859_1          16384  1
snd_intel8x0           49152  2
snd_ac97_codec        155648  1 snd_intel8x0
ac97_bus               16384  1 snd_ac97_codec
snd_pcm               135168  2 snd_intel8x0,snd_ac97_codec
snd_seq_midi           20480  0
snd_seq_midi_event     16384  1 snd_seq_midi
snd_rawmidi            49152  1 snd_seq_midi
intel_rapl_msr         20480  0
intel_rapl_common      40960  1 intel_rapl_msr
intel_powerclamp       24576  0
crct10dif_pclmul       16384  1
ghash_clmulni_intel    16384  0
sha256_ssse3           32768  0
snd_seq                77824  2 snd_seq_midi,snd_seq_midi_event
sha1_ssse3             32768  0
binfmt_misc            24576  1
vmwgfx                364544  2
ttm                    86016  1 vmwgfx
aesni_intel           376832  0
snd_seq_device         16384  3 snd_seq,snd_seq_midi,snd_rawmidi
snd_timer              40960  2 snd_seq,snd_pcm
crypto_simd            16384  1 aesni_intel
cryptd                 24576  2 crypto_simd,ghash_clmulni_intel
rapl                   20480  0
joydev                 32768  0
drm_kms_helper        311296  1 vmwgfx
snd                   106496  11 snd_seq,snd_seq_device,snd_intel8x0,snd_timer,snd_ac97_codec,snd_pcm,snd_rawmidi
cec                    61440  1 drm_kms_helper
input_leds             16384  0
rc_core                61440  1 cec
fb_sys_fops            16384  1 drm_kms_helper
serio_raw              20480  0
syscopyarea            16384  1 drm_kms_helper
sysfillrect            20480  1 drm_kms_helper
soundcore              16384  1 snd
sysimgblt              16384  1 drm_kms_helper
vboxguest              45056  0
mac_hid                16384  0
sch_fq_codel           24576  2
msr                    16384  0
parport_pc             53248  0
ppdev                  24576  0
lp                     28672  0
parport                69632  3 parport_pc,lp,ppdev
ramoops                28672  0
reed_solomon           28672  1 ramoops
pstore_blk             16384  0
pstore_zone            32768  1 pstore_blk
drm                   618496  5 vmwgfx,drm_kms_helper,ttm
efi_pstore             16384  0
ip_tables              32768  0
x_tables               53248  1 ip_tables
autofs4                49152  2
hid_generic            16384  0
usbhid                 65536  0
hid                   147456  2 usbhid,hid_generic
ahci                   49152  2
crc32_pclmul           16384  0
psmouse               176128  0
libahci                49152  1 ahci
e1000                 155648  0
i2c_piix4              28672  0
pata_acpi              16384  0
video                  61440  0
codr@ubuntu:~/ece373/assignment1$ sudo lsmod|grep hello
codr@ubuntu:~/ece373/assignment1$ sudo insmod hello.ko
codr@ubuntu:~/ece373/assignment1$ sudo lsmod|more
Module                  Size  Used by
hello                  16384  0
nls_iso8859_1          16384  1
snd_intel8x0           49152  2
snd_ac97_codec        155648  1 snd_intel8x0
ac97_bus               16384  1 snd_ac97_codec
snd_pcm               135168  2 snd_intel8x0,snd_ac97_codec
snd_seq_midi           20480  0
snd_seq_midi_event     16384  1 snd_seq_midi
snd_rawmidi            49152  1 snd_seq_midi
intel_rapl_msr         20480  0
intel_rapl_common      40960  1 intel_rapl_msr
intel_powerclamp       24576  0
crct10dif_pclmul       16384  1
ghash_clmulni_intel    16384  0
sha256_ssse3           32768  0
snd_seq                77824  2 snd_seq_midi,snd_seq_midi_event
sha1_ssse3             32768  0
binfmt_misc            24576  1
vmwgfx                364544  2
ttm                    86016  1 vmwgfx
aesni_intel           376832  0
snd_seq_device         16384  3 snd_seq,snd_seq_midi,snd_rawmidi
snd_timer              40960  2 snd_seq,snd_pcm
crypto_simd            16384  1 aesni_intel
cryptd                 24576  2 crypto_simd,ghash_clmulni_intel
rapl                   20480  0
joydev                 32768  0
drm_kms_helper        311296  1 vmwgfx
snd                   106496  11 snd_seq,snd_seq_device,snd_intel8x0,snd_timer,s
nd_ac97_codec,snd_pcm,snd_rawmidi
cec                    61440  1 drm_kms_helper
input_leds             16384  0
rc_core                61440  1 cec
fb_sys_fops            16384  1 drm_kms_helper
serio_raw              20480  0
syscopyarea            16384  1 drm_kms_helper
sysfillrect            20480  1 drm_kms_helper
soundcore              16384  1 snd
sysimgblt              16384  1 drm_kms_helper
vboxguest              45056  0
mac_hid                16384  0
sch_fq_codel           24576  2
msr                    16384  0
parport_pc             53248  0
ppdev                  24576  0
lp                     28672  0
parport                69632  3 parport_pc,lp,ppdev
ramoops                28672  0
reed_solomon           28672  1 ramoops
pstore_blk             16384  0
pstore_zone            32768  1 pstore_blk
drm                   618496  5 vmwgfx,drm_kms_helper,ttm
efi_pstore             16384  0
ip_tables              32768  0
x_tables               53248  1 ip_tables
autofs4                49152  2
hid_generic            16384  0
usbhid                 65536  0
hid                   147456  2 usbhid,hid_generic
ahci                   49152  2
crc32_pclmul           16384  0
psmouse               176128  0
libahci                49152  1 ahci
e1000                 155648  0
i2c_piix4              28672  0
pata_acpi              16384  0
video                  61440  0
codr@ubuntu:~/ece373/assignment1$ ls
hello.c   hello.mod    hello.mod.o  Makefile       Module.symvers
hello.ko  hello.mod.c  hello.o      modules.order
codr@ubuntu:~/ece373/assignment1$ dmesg
[    0.000000] Linux version 5.15.0-101-generic (buildd@lcy02-amd64-031) (gcc (Ubuntu 9.4.0-1ubuntu1~20.04.2) 9.4.0, GNU ld (GNU Binutils for Ubuntu) 2.34) #111~20.04.1-Ubuntu SMP Mon Mar 11 15:44:43 UTC 2024 (Ubuntu 5.15.0-101.111~20.04.1-generic 5.15.143)
[    0.000000] Command line: BOOT_IMAGE=/boot/vmlinuz-5.15.0-101-generic root=UUID=5a2eb933-a3f1-4abb-8e2d-a5f885e07c8d ro quiet splash
[    0.000000] KERNEL supported cpus:
[    0.000000]   Intel GenuineIntel
[    0.000000]   AMD AuthenticAMD
[    0.000000]   Hygon HygonGenuine
[    0.000000]   Centaur CentaurHauls
[    0.000000]   zhaoxin   Shanghai  
[    0.000000] BIOS-provided physical RAM map:
[    0.000000] BIOS-e820: [mem 0x0000000000000000-0x000000000009fbff] usable
[    0.000000] BIOS-e820: [mem 0x000000000009fc00-0x000000000009ffff] reserved
[    0.000000] BIOS-e820: [mem 0x00000000000f0000-0x00000000000fffff] reserved
[    0.000000] BIOS-e820: [mem 0x0000000000100000-0x000000007ffeffff] usable
[    0.000000] BIOS-e820: [mem 0x000000007fff0000-0x000000007fffffff] ACPI data
[    0.000000] BIOS-e820: [mem 0x00000000fec00000-0x00000000fec00fff] reserved
[    0.000000] BIOS-e820: [mem 0x00000000fee00000-0x00000000fee00fff] reserved
[    0.000000] BIOS-e820: [mem 0x00000000fffc0000-0x00000000ffffffff] reserved
[    0.000000] NX (Execute Disable) protection: active
[    0.000000] SMBIOS 2.5 present.
[    0.000000] DMI: innotek GmbH VirtualBox/VirtualBox, BIOS VirtualBox 12/01/2006
[    0.000000] Hypervisor detected: KVM
[    0.000000] kvm-clock: Using msrs 4b564d01 and 4b564d00
[    0.000000] kvm-clock: cpu 0, msr 60201001, primary cpu clock
[    0.000003] kvm-clock: using sched offset of 4085922766 cycles
[    0.000006] clocksource: kvm-clock: mask: 0xffffffffffffffff max_cycles: 0x1cd42e4dffb, max_idle_ns: 881590591483 ns
[    0.000012] tsc: Detected 2303.998 MHz processor
[    0.002533] e820: update [mem 0x00000000-0x00000fff] usable ==> reserved
[    0.002540] e820: remove [mem 0x000a0000-0x000fffff] usable
[    0.002551] last_pfn = 0x7fff0 max_arch_pfn = 0x400000000
[    0.002571] Disabled
[    0.002572] x86/PAT: MTRRs disabled, skipping PAT initialization too.
[    0.002576] CPU MTRRs all blank - virtualized system.
[    0.002580] x86/PAT: Configuration [0-7]: WB  WT  UC- UC  WB  WT  UC- UC  
[    0.002705] found SMP MP-table at [mem 0x0009fff0-0x0009ffff]
[    0.002908] RAMDISK: [mem 0x2f229000-0x3390bfff]
[    0.002920] ACPI: Early table checksum verification disabled
[    0.002926] ACPI: RSDP 0x00000000000E0000 000024 (v02 VBOX  )
[    0.002934] ACPI: XSDT 0x000000007FFF0030 00003C (v01 VBOX   VBOXXSDT 00000001 ASL  00000061)
[    0.002945] ACPI: FACP 0x000000007FFF00F0 0000F4 (v04 VBOX   VBOXFACP 00000001 ASL  00000061)
[    0.002956] ACPI: DSDT 0x000000007FFF0610 002353 (v02 VBOX   VBOXBIOS 00000002 INTL 20100528)
[    0.002964] ACPI: FACS 0x000000007FFF0200 000040
[    0.002970] ACPI: FACS 0x000000007FFF0200 000040
[    0.002977] ACPI: APIC 0x000000007FFF0240 000054 (v02 VBOX   VBOXAPIC 00000001 ASL  00000061)
[    0.002984] ACPI: SSDT 0x000000007FFF02A0 00036C (v01 VBOX   VBOXCPUT 00000002 INTL 20100528)
[    0.002990] ACPI: Reserving FACP table memory at [mem 0x7fff00f0-0x7fff01e3]
[    0.002993] ACPI: Reserving DSDT table memory at [mem 0x7fff0610-0x7fff2962]
[    0.002995] ACPI: Reserving FACS table memory at [mem 0x7fff0200-0x7fff023f]
[    0.002997] ACPI: Reserving FACS table memory at [mem 0x7fff0200-0x7fff023f]
[    0.002998] ACPI: Reserving APIC table memory at [mem 0x7fff0240-0x7fff0293]
[    0.003000] ACPI: Reserving SSDT table memory at [mem 0x7fff02a0-0x7fff060b]
[    0.003703] No NUMA configuration found
[    0.003707] Faking a node at [mem 0x0000000000000000-0x000000007ffeffff]
[    0.003724] NODE_DATA(0) allocated [mem 0x7ffc6000-0x7ffeffff]
[    0.004152] Zone ranges:
[    0.004153]   DMA      [mem 0x0000000000001000-0x0000000000ffffff]
[    0.004157]   DMA32    [mem 0x0000000001000000-0x000000007ffeffff]
[    0.004160]   Normal   empty
[    0.004162]   Device   empty
[    0.004164] Movable zone start for each node
[    0.004203] Early memory node ranges
[    0.004205]   node   0: [mem 0x0000000000001000-0x000000000009efff]
[    0.004208]   node   0: [mem 0x0000000000100000-0x000000007ffeffff]
[    0.004212] Initmem setup node 0 [mem 0x0000000000001000-0x000000007ffeffff]
[    0.004221] On node 0, zone DMA: 1 pages in unavailable ranges
[    0.004255] On node 0, zone DMA: 97 pages in unavailable ranges
[    0.008656] On node 0, zone DMA32: 16 pages in unavailable ranges
[    0.009365] ACPI: PM-Timer IO Port: 0x4008
[    0.009457] IOAPIC[0]: apic_id 1, version 32, address 0xfec00000, GSI 0-23
[    0.009464] ACPI: INT_SRC_OVR (bus 0 bus_irq 0 global_irq 2 dfl dfl)
[    0.009468] ACPI: INT_SRC_OVR (bus 0 bus_irq 9 global_irq 9 low level)
[    0.009476] ACPI: Using ACPI (MADT) for SMP configuration information
[    0.009484] smpboot: Allowing 1 CPUs, 0 hotplug CPUs
[    0.009514] PM: hibernation: Registered nosave memory: [mem 0x00000000-0x00000fff]
[    0.009518] PM: hibernation: Registered nosave memory: [mem 0x0009f000-0x0009ffff]
[    0.009520] PM: hibernation: Registered nosave memory: [mem 0x000a0000-0x000effff]
[    0.009521] PM: hibernation: Registered nosave memory: [mem 0x000f0000-0x000fffff]
[    0.009524] [mem 0x80000000-0xfebfffff] available for PCI devices
[    0.009526] Booting paravirtualized kernel on KVM
[    0.009529] clocksource: refined-jiffies: mask: 0xffffffff max_cycles: 0xffffffff, max_idle_ns: 7645519600211568 ns
[    0.009538] setup_percpu: NR_CPUS:8192 nr_cpumask_bits:1 nr_cpu_ids:1 nr_node_ids:1
[    0.009740] percpu: Embedded 61 pages/cpu s212992 r8192 d28672 u2097152
[    0.009748] pcpu-alloc: s212992 r8192 d28672 u2097152 alloc=1*2097152
[    0.009752] pcpu-alloc: [0] 0 
[    0.009789] kvm-guest: PV spinlocks disabled, single CPU
[    0.009798] Built 1 zonelists, mobility grouping on.  Total pages: 515824
[    0.009800] Policy zone: DMA32
[    0.009802] Kernel command line: BOOT_IMAGE=/boot/vmlinuz-5.15.0-101-generic root=UUID=5a2eb933-a3f1-4abb-8e2d-a5f885e07c8d ro quiet splash
[    0.009918] Unknown kernel command line parameters "splash BOOT_IMAGE=/boot/vmlinuz-5.15.0-101-generic", will be passed to user space.
[    0.010476] Dentry cache hash table entries: 262144 (order: 9, 2097152 bytes, linear)
[    0.010553] Inode-cache hash table entries: 131072 (order: 8, 1048576 bytes, linear)
[    0.010612] mem auto-init: stack:off, heap alloc:on, heap free:off
[    0.017985] Memory: 1929496K/2096696K available (16393K kernel code, 4390K rwdata, 10856K rodata, 3356K init, 18724K bss, 166940K reserved, 0K cma-reserved)
[    0.019343] SLUB: HWalign=64, Order=0-3, MinObjects=0, CPUs=1, Nodes=1
[    0.019442] ftrace: allocating 50186 entries in 197 pages
[    0.062223] ftrace: allocated 197 pages with 4 groups
[    0.062499] rcu: Hierarchical RCU implementation.
[    0.062501] rcu: 	RCU restricting CPUs from NR_CPUS=8192 to nr_cpu_ids=1.
[    0.062504] 	Rude variant of Tasks RCU enabled.
[    0.062505] 	Tracing variant of Tasks RCU enabled.
[    0.062506] rcu: RCU calculated value of scheduler-enlistment delay is 25 jiffies.
[    0.062508] rcu: Adjusting geometry for rcu_fanout_leaf=16, nr_cpu_ids=1
[    0.071301] NR_IRQS: 524544, nr_irqs: 256, preallocated irqs: 16
[    0.071711] random: crng init done
[    0.086763] Console: colour VGA+ 80x25
[    0.086785] printk: console [tty0] enabled
[    0.086818] ACPI: Core revision 20210730
[    0.086980] APIC: Switch to symmetric I/O mode setup
[    0.087379] x2apic enabled
[    0.087784] Switched APIC routing to physical x2apic.
[    0.089580] ..TIMER: vector=0x30 apic1=0 pin1=2 apic2=-1 pin2=-1
[    0.089663] clocksource: tsc-early: mask: 0xffffffffffffffff max_cycles: 0x2135f5e6f15, max_idle_ns: 440795231538 ns
[    0.089681] Calibrating delay loop (skipped) preset value.. 4607.99 BogoMIPS (lpj=9215992)
[    0.089915] process: using mwait in idle threads
[    0.089922] Last level iTLB entries: 4KB 64, 2MB 8, 4MB 8
[    0.089924] Last level dTLB entries: 4KB 64, 2MB 0, 4MB 0, 1GB 4
[    0.089932] Spectre V1 : Mitigation: usercopy/swapgs barriers and __user pointer sanitization
[    0.089935] Spectre V2 : Mitigation: Retpolines
[    0.089936] Spectre V2 : Spectre v2 / SpectreRSB mitigation: Filling RSB on context switch
[    0.089938] Spectre V2 : Spectre v2 / SpectreRSB : Filling RSB on VMEXIT
[    0.089939] RETBleed: WARNING: Spectre v2 mitigation leaves CPU vulnerable to RETBleed attacks, data leaks possible!
[    0.090489] RETBleed: Vulnerable
[    0.090491] Speculative Store Bypass: Vulnerable
[    0.090499] MMIO Stale Data: Vulnerable: Clear CPU buffers attempted, no microcode
[    0.090503] SRBDS: Unknown: Dependent on hypervisor status
[    0.090505] GDS: Unknown: Dependent on hypervisor status
[    0.090547] x86/fpu: Supporting XSAVE feature 0x001: 'x87 floating point registers'
[    0.090549] x86/fpu: Supporting XSAVE feature 0x002: 'SSE registers'
[    0.090551] x86/fpu: Supporting XSAVE feature 0x004: 'AVX registers'
[    0.090554] x86/fpu: xstate_offset[2]:  576, xstate_sizes[2]:  256
[    0.090557] x86/fpu: Enabled xstate features 0x7, context size is 832 bytes, using 'standard' format.
[    0.133032] Freeing SMP alternatives memory: 40K
[    0.133040] pid_max: default: 32768 minimum: 301
[    0.133082] LSM: Security Framework initializing
[    0.133100] landlock: Up and running.
[    0.133101] Yama: becoming mindful.
[    0.133137] AppArmor: AppArmor initialized
[    0.133183] Mount-cache hash table entries: 4096 (order: 3, 32768 bytes, linear)
[    0.133189] Mountpoint-cache hash table entries: 4096 (order: 3, 32768 bytes, linear)
[    0.242315] smpboot: CPU0: Intel(R) Core(TM) i7-10510U CPU @ 1.80GHz (family: 0x6, model: 0x8e, stepping: 0xc)
[    0.242557] Performance Events: unsupported p6 CPU model 142 no PMU driver, software events only.
[    0.242579] signal: max sigframe size: 1776
[    0.242610] rcu: Hierarchical SRCU implementation.
[    0.243347] NMI watchdog: Perf NMI watchdog permanently disabled
[    0.243401] smp: Bringing up secondary CPUs ...
[    0.243403] smp: Brought up 1 node, 1 CPU
[    0.243406] smpboot: Max logical packages: 1
[    0.243408] smpboot: Total of 1 processors activated (4607.99 BogoMIPS)
[    0.243629] devtmpfs: initialized
[    0.243691] x86/mm: Memory block size: 128MB
[    0.244169] clocksource: jiffies: mask: 0xffffffff max_cycles: 0xffffffff, max_idle_ns: 7645041785100000 ns
[    0.244177] futex hash table entries: 256 (order: 2, 16384 bytes, linear)
[    0.244253] pinctrl core: initialized pinctrl subsystem
[    0.244410] PM: RTC time: 03:10:00, date: 2024-04-06
[    0.244581] NET: Registered PF_NETLINK/PF_ROUTE protocol family
[    0.244732] DMA: preallocated 256 KiB GFP_KERNEL pool for atomic allocations
[    0.244759] DMA: preallocated 256 KiB GFP_KERNEL|GFP_DMA pool for atomic allocations
[    0.244784] DMA: preallocated 256 KiB GFP_KERNEL|GFP_DMA32 pool for atomic allocations
[    0.244795] audit: initializing netlink subsys (disabled)
[    0.245040] thermal_sys: Registered thermal governor 'fair_share'
[    0.245042] thermal_sys: Registered thermal governor 'bang_bang'
[    0.245043] thermal_sys: Registered thermal governor 'step_wise'
[    0.245045] thermal_sys: Registered thermal governor 'user_space'
[    0.245046] thermal_sys: Registered thermal governor 'power_allocator'
[    0.245055] EISA bus registered
[    0.245057] cpuidle: using governor ladder
[    0.245059] cpuidle: using governor menu
[    0.245116] ACPI: bus type PCI registered
[    0.245118] acpiphp: ACPI Hot Plug PCI Controller Driver version: 0.5
[    0.245281] PCI: Using configuration type 1 for base access
[    0.246822] kprobes: kprobe jump-optimization is enabled. All kprobes are optimized if possible.
[    0.246859] audit: type=2000 audit(1712373005.146:1): state=initialized audit_enabled=0 res=1
[    0.246962] HugeTLB registered 2.00 MiB page size, pre-allocated 0 pages
[    0.248215] ACPI: Added _OSI(Module Device)
[    0.248218] ACPI: Added _OSI(Processor Device)
[    0.248219] ACPI: Added _OSI(3.0 _SCP Extensions)
[    0.248221] ACPI: Added _OSI(Processor Aggregator Device)
[    0.248222] ACPI: Added _OSI(Linux-Dell-Video)
[    0.248224] ACPI: Added _OSI(Linux-Lenovo-NV-HDMI-Audio)
[    0.248226] ACPI: Added _OSI(Linux-HPI-Hybrid-Graphics)
[    0.251646] ACPI: 2 ACPI AML tables successfully acquired and loaded
[    0.254118] ACPI: Interpreter enabled
[    0.254132] ACPI: PM: (supports S0 S5)
[    0.254134] ACPI: Using IOAPIC for interrupt routing
[    0.254451] PCI: Using host bridge windows from ACPI; if necessary, use "pci=nocrs" and report a bug
[    0.254453] PCI: Using E820 reservations for host bridge windows
[    0.254649] ACPI: Enabled 2 GPEs in block 00 to 07
[    0.262864] ACPI: PCI Root Bridge [PCI0] (domain 0000 [bus 00-ff])
[    0.262876] acpi PNP0A03:00: _OSC: OS supports [ASPM ClockPM Segments MSI EDR HPX-Type3]
[    0.263605] acpi PNP0A03:00: _OSC: not requesting OS control; OS requires [ExtendedConfig ASPM ClockPM MSI]
[    0.263618] acpi PNP0A03:00: fail to add MMCONFIG information, can't access extended PCI configuration space under this bridge.
[    0.264284] PCI host bridge to bus 0000:00
[    0.264290] pci_bus 0000:00: root bus resource [bus 00-ff]
[    0.264294] pci_bus 0000:00: root bus resource [io  0x0000-0x0cf7 window]
[    0.264297] pci_bus 0000:00: root bus resource [io  0x0d00-0xffff window]
[    0.264299] pci_bus 0000:00: root bus resource [mem 0x000a0000-0x000bffff window]
[    0.264302] pci_bus 0000:00: root bus resource [mem 0x80000000-0xfdffffff window]
[    0.264970] pci 0000:00:00.0: [8086:1237] type 00 class 0x060000
[    0.266667] pci 0000:00:01.0: [8086:7000] type 00 class 0x060100
[    0.267974] pci 0000:00:01.1: [8086:7111] type 00 class 0x01018a
[    0.268594] pci 0000:00:01.1: reg 0x20: [io  0xd000-0xd00f]
[    0.268848] pci 0000:00:01.1: legacy IDE quirk: reg 0x10: [io  0x01f0-0x01f7]
[    0.268851] pci 0000:00:01.1: legacy IDE quirk: reg 0x14: [io  0x03f6]
[    0.268853] pci 0000:00:01.1: legacy IDE quirk: reg 0x18: [io  0x0170-0x0177]
[    0.268855] pci 0000:00:01.1: legacy IDE quirk: reg 0x1c: [io  0x0376]
[    0.270109] pci 0000:00:02.0: [15ad:0405] type 00 class 0x030000
[    0.272063] pci 0000:00:02.0: reg 0x10: [io  0xd010-0xd01f]
[    0.273664] pci 0000:00:02.0: reg 0x14: [mem 0xe0000000-0xe0ffffff pref]
[    0.275129] pci 0000:00:02.0: reg 0x18: [mem 0xf0000000-0xf01fffff]
[    0.280399] pci 0000:00:02.0: Video device with shadowed ROM at [mem 0x000c0000-0x000dffff]
[    0.281797] pci 0000:00:03.0: [8086:100e] type 00 class 0x020000
[    0.282966] pci 0000:00:03.0: reg 0x10: [mem 0xf0200000-0xf021ffff]
[    0.285043] pci 0000:00:03.0: reg 0x18: [io  0xd020-0xd027]
[    0.291660] pci 0000:00:04.0: [80ee:cafe] type 00 class 0x088000
[    0.292795] pci 0000:00:04.0: reg 0x10: [io  0xd040-0xd05f]
[    0.293854] pci 0000:00:04.0: reg 0x14: [mem 0xf0400000-0xf07fffff]
[    0.294900] pci 0000:00:04.0: reg 0x18: [mem 0xf0800000-0xf0803fff pref]
[    0.300291] pci 0000:00:05.0: [8086:2415] type 00 class 0x040100
[    0.300531] pci 0000:00:05.0: reg 0x10: [io  0xd100-0xd1ff]
[    0.300641] pci 0000:00:05.0: reg 0x14: [io  0xd200-0xd23f]
[    0.302482] pci 0000:00:06.0: [106b:003f] type 00 class 0x0c0310
[    0.303654] pci 0000:00:06.0: reg 0x10: [mem 0xf0804000-0xf0804fff]
[    0.311122] pci 0000:00:07.0: [8086:7113] type 00 class 0x068000
[    0.311833] pci 0000:00:07.0: quirk: [io  0x4000-0x403f] claimed by PIIX4 ACPI
[    0.311857] pci 0000:00:07.0: quirk: [io  0x4100-0x410f] claimed by PIIX4 SMB
[    0.313976] pci 0000:00:0b.0: [8086:265c] type 00 class 0x0c0320
[    0.315135] pci 0000:00:0b.0: reg 0x10: [mem 0xf0805000-0xf0805fff]
[    0.323974] pci 0000:00:0d.0: [8086:2829] type 00 class 0x010601
[    0.325154] pci 0000:00:0d.0: reg 0x10: [io  0xd240-0xd247]
[    0.325865] pci 0000:00:0d.0: reg 0x14: [io  0xd248-0xd24b]
[    0.327055] pci 0000:00:0d.0: reg 0x18: [io  0xd250-0xd257]
[    0.328196] pci 0000:00:0d.0: reg 0x1c: [io  0xd258-0xd25b]
[    0.329869] pci 0000:00:0d.0: reg 0x20: [io  0xd260-0xd26f]
[    0.330944] pci 0000:00:0d.0: reg 0x24: [mem 0xf0806000-0xf0807fff]
[    0.344513] ACPI: PCI: Interrupt link LNKA configured for IRQ 11
[    0.344974] ACPI: PCI: Interrupt link LNKB configured for IRQ 10
[    0.345154] ACPI: PCI: Interrupt link LNKC configured for IRQ 9
[    0.345855] ACPI: PCI: Interrupt link LNKD configured for IRQ 11
[    0.346296] iommu: Default domain type: Translated 
[    0.346299] iommu: DMA domain TLB invalidation policy: lazy mode 
[    0.346615] SCSI subsystem initialized
[    0.346706] libata version 3.00 loaded.
[    0.346803] pci 0000:00:02.0: vgaarb: setting as boot VGA device
[    0.346807] pci 0000:00:02.0: vgaarb: VGA device added: decodes=io+mem,owns=io+mem,locks=none
[    0.346811] pci 0000:00:02.0: vgaarb: bridge control possible
[    0.346813] vgaarb: loaded
[    0.346865] ACPI: bus type USB registered
[    0.346894] usbcore: registered new interface driver usbfs
[    0.346903] usbcore: registered new interface driver hub
[    0.346911] usbcore: registered new device driver usb
[    0.346952] pps_core: LinuxPPS API ver. 1 registered
[    0.346953] pps_core: Software ver. 5.3.6 - Copyright 2005-2007 Rodolfo Giometti <giometti@linux.it>
[    0.346957] PTP clock support registered
[    0.347035] EDAC MC: Ver: 3.0.0
[    0.347887] NetLabel: Initializing
[    0.347889] NetLabel:  domain hash size = 128
[    0.347891] NetLabel:  protocols = UNLABELED CIPSOv4 CALIPSO
[    0.347923] NetLabel:  unlabeled traffic allowed by default
[    0.347985] PCI: Using ACPI for IRQ routing
[    0.347987] PCI: pci_cache_line_size set to 64 bytes
[    0.348339] e820: reserve RAM buffer [mem 0x0009fc00-0x0009ffff]
[    0.348346] e820: reserve RAM buffer [mem 0x7fff0000-0x7fffffff]
[    0.351256] clocksource: Switched to clocksource kvm-clock
[    0.365886] VFS: Disk quotas dquot_6.6.0
[    0.365907] VFS: Dquot-cache hash table entries: 512 (order 0, 4096 bytes)
[    0.366064] AppArmor: AppArmor Filesystem Enabled
[    0.366164] pnp: PnP ACPI init
[    0.367632] pnp: PnP ACPI: found 2 devices
[    0.380102] clocksource: acpi_pm: mask: 0xffffff max_cycles: 0xffffff, max_idle_ns: 2085701024 ns
[    0.380233] NET: Registered PF_INET protocol family
[    0.380314] IP idents hash table entries: 32768 (order: 6, 262144 bytes, linear)
[    0.384803] tcp_listen_portaddr_hash hash table entries: 1024 (order: 2, 16384 bytes, linear)
[    0.384847] Table-perturb hash table entries: 65536 (order: 6, 262144 bytes, linear)
[    0.384866] TCP established hash table entries: 16384 (order: 5, 131072 bytes, linear)
[    0.384933] TCP bind hash table entries: 16384 (order: 6, 262144 bytes, linear)
[    0.384973] TCP: Hash tables configured (established 16384 bind 16384)
[    0.385162] MPTCP token hash table entries: 2048 (order: 3, 49152 bytes, linear)
[    0.385189] UDP hash table entries: 1024 (order: 3, 32768 bytes, linear)
[    0.385201] UDP-Lite hash table entries: 1024 (order: 3, 32768 bytes, linear)
[    0.385262] NET: Registered PF_UNIX/PF_LOCAL protocol family
[    0.385273] NET: Registered PF_XDP protocol family
[    0.385292] pci_bus 0000:00: resource 4 [io  0x0000-0x0cf7 window]
[    0.385297] pci_bus 0000:00: resource 5 [io  0x0d00-0xffff window]
[    0.385300] pci_bus 0000:00: resource 6 [mem 0x000a0000-0x000bffff window]
[    0.385302] pci_bus 0000:00: resource 7 [mem 0x80000000-0xfdffffff window]
[    0.385366] pci 0000:00:00.0: Limiting direct PCI/PCI transfers
[    0.385387] pci 0000:00:01.0: Activating ISA DMA hang workarounds
[    0.389133] PCI: CLS 0 bytes, default 64
[    0.389215] Trying to unpack rootfs image as initramfs...
[    0.394407] clocksource: tsc: mask: 0xffffffffffffffff max_cycles: 0x2135f5e6f15, max_idle_ns: 440795231538 ns
[    0.394429] clocksource: Switched to clocksource tsc
[    0.394510] platform rtc_cmos: registered platform RTC device (no PNP device found)
[    0.401516] Initialise system trusted keyrings
[    0.401541] Key type blacklist registered
[    0.401611] workingset: timestamp_bits=36 max_order=19 bucket_order=0
[    0.403500] zbud: loaded
[    0.403863] squashfs: version 4.0 (2009/01/31) Phillip Lougher
[    0.404049] fuse: init (API version 7.34)
[    0.404250] integrity: Platform Keyring initialized
[    0.430181] Key type asymmetric registered
[    0.430196] Asymmetric key parser 'x509' registered
[    0.430229] Block layer SCSI generic (bsg) driver version 0.4 loaded (major 243)
[    0.436324] io scheduler mq-deadline registered
[    0.436557] shpchp: Standard Hot Plug PCI Controller Driver version: 0.4
[    0.436851] ACPI: AC: AC Adapter [AC] (on-line)
[    0.436942] input: Power Button as /devices/LNXSYSTM:00/LNXPWRBN:00/input/input0
[    0.436987] ACPI: button: Power Button [PWRF]
[    0.437094] input: Sleep Button as /devices/LNXSYSTM:00/LNXSLPBN:00/input/input1
[    0.437119] ACPI: button: Sleep Button [SLPF]
[    0.437519] Serial: 8250/16550 driver, 32 ports, IRQ sharing enabled
[    0.439589] Linux agpgart interface v0.103
[    0.441525] loop: module loaded
[    0.441701] ata_piix 0000:00:01.1: version 2.13
[    0.443372] ACPI: battery: Slot [BAT0] (battery present)
[    0.446283] scsi host0: ata_piix
[    0.451531] scsi host1: ata_piix
[    0.451581] ata1: PATA max UDMA/33 cmd 0x1f0 ctl 0x3f6 bmdma 0xd000 irq 14
[    0.451584] ata2: PATA max UDMA/33 cmd 0x170 ctl 0x376 bmdma 0xd008 irq 15
[    0.451786] tun: Universal TUN/TAP device driver, 1.6
[    0.452207] PPP generic driver version 2.4.2
[    0.452279] VFIO - User Level meta-driver version: 0.3
[    0.452748] ehci_hcd: USB 2.0 'Enhanced' Host Controller (EHCI) Driver
[    0.452756] ehci-pci: EHCI PCI platform driver
[    0.453655] ehci-pci 0000:00:0b.0: EHCI Host Controller
[    0.453665] ehci-pci 0000:00:0b.0: new USB bus registered, assigned bus number 1
[    0.454008] ehci-pci 0000:00:0b.0: irq 19, io mem 0xf0805000
[    0.470465] ehci-pci 0000:00:0b.0: USB 2.0 started, EHCI 1.00
[    0.470551] usb usb1: New USB device found, idVendor=1d6b, idProduct=0002, bcdDevice= 5.15
[    0.470555] usb usb1: New USB device strings: Mfr=3, Product=2, SerialNumber=1
[    0.470558] usb usb1: Product: EHCI Host Controller
[    0.470561] usb usb1: Manufacturer: Linux 5.15.0-101-generic ehci_hcd
[    0.470563] usb usb1: SerialNumber: 0000:00:0b.0
[    0.470737] hub 1-0:1.0: USB hub found
[    0.470749] hub 1-0:1.0: 12 ports detected
[    0.471065] ehci-platform: EHCI generic platform driver
[    0.471083] ohci_hcd: USB 1.1 'Open' Host Controller (OHCI) Driver
[    0.471088] ohci-pci: OHCI PCI platform driver
[    0.472047] ohci-pci 0000:00:06.0: OHCI PCI host controller
[    0.472057] ohci-pci 0000:00:06.0: new USB bus registered, assigned bus number 2
[    0.472159] ohci-pci 0000:00:06.0: irq 22, io mem 0xf0804000
[    0.535415] usb usb2: New USB device found, idVendor=1d6b, idProduct=0001, bcdDevice= 5.15
[    0.535423] usb usb2: New USB device strings: Mfr=3, Product=2, SerialNumber=1
[    0.535426] usb usb2: Product: OHCI PCI host controller
[    0.535428] usb usb2: Manufacturer: Linux 5.15.0-101-generic ohci_hcd
[    0.535430] usb usb2: SerialNumber: 0000:00:06.0
[    0.535614] hub 2-0:1.0: USB hub found
[    0.535639] hub 2-0:1.0: 12 ports detected
[    0.536224] ohci-platform: OHCI generic platform driver
[    0.536241] uhci_hcd: USB Universal Host Controller Interface driver
[    0.536328] i8042: PNP: PS/2 Controller [PNP0303:PS2K,PNP0f03:PS2M] at 0x60,0x64 irq 1,12
[    0.537042] serio: i8042 KBD port at 0x60,0x64 irq 1
[    0.537052] serio: i8042 AUX port at 0x60,0x64 irq 12
[    0.537212] mousedev: PS/2 mouse device common for all mice
[    0.537596] input: AT Translated Set 2 keyboard as /devices/platform/i8042/serio0/input/input2
[    0.538319] rtc_cmos rtc_cmos: registered as rtc0
[    0.538376] rtc_cmos rtc_cmos: setting system clock to 2024-04-06T03:10:00 UTC (1712373000)
[    0.538522] rtc_cmos rtc_cmos: alarms up to one day, 114 bytes nvram
[    0.538538] i2c_dev: i2c /dev entries driver
[    0.538576] device-mapper: core: CONFIG_IMA_DISABLE_HTABLE is disabled. Duplicate IMA measurements will not be recorded in the IMA log.
[    0.538617] device-mapper: uevent: version 1.0.3
[    0.538692] device-mapper: ioctl: 4.45.0-ioctl (2021-03-22) initialised: dm-devel@redhat.com
[    0.538719] platform eisa.0: Probing EISA bus 0
[    0.538722] platform eisa.0: EISA: Cannot allocate resource for mainboard
[    0.538725] platform eisa.0: Cannot allocate resource for EISA slot 1
[    0.538727] platform eisa.0: Cannot allocate resource for EISA slot 2
[    0.538729] platform eisa.0: Cannot allocate resource for EISA slot 3
[    0.538731] platform eisa.0: Cannot allocate resource for EISA slot 4
[    0.538733] platform eisa.0: Cannot allocate resource for EISA slot 5
[    0.538734] platform eisa.0: Cannot allocate resource for EISA slot 6
[    0.538736] platform eisa.0: Cannot allocate resource for EISA slot 7
[    0.538738] platform eisa.0: Cannot allocate resource for EISA slot 8
[    0.538740] platform eisa.0: EISA: Detected 0 cards
[    0.538743] intel_pstate: CPU model not supported
[    0.538755] ledtrig-cpu: registered to indicate activity on CPUs
[    0.538841] drop_monitor: Initializing network drop monitor service
[    0.539048] NET: Registered PF_INET6 protocol family
[    0.623511] ata2.00: ATAPI: VBOX CD-ROM, 1.0, max UDMA/133
[    0.624571] scsi 1:0:0:0: CD-ROM            VBOX     CD-ROM           1.0  PQ: 0 ANSI: 5
[    0.639077] sr 1:0:0:0: [sr0] scsi3-mmc drive: 32x/32x xa/form2 tray
[    0.639084] cdrom: Uniform CD-ROM driver Revision: 3.20
[    0.661413] sr 1:0:0:0: Attached scsi CD-ROM sr0
[    0.661586] sr 1:0:0:0: Attached scsi generic sg0 type 5
[    0.739821] Freeing initrd memory: 72588K
[    0.748570] Segment Routing with IPv6
[    0.748591] In-situ OAM (IOAM) with IPv6
[    0.748627] NET: Registered PF_PACKET protocol family
[    0.748680] Key type dns_resolver registered
[    0.748887] IPI shorthand broadcast: enabled
[    0.748921] sched_clock: Marking stable (728534724, 17999979)->(746617130, -82427)
[    0.749025] registered taskstats version 1
[    0.749075] Loading compiled-in X.509 certificates
[    0.750124] Loaded X.509 cert 'Build time autogenerated kernel key: 978dfca12c8b590421d1f1330e9cbbfdf01d8001'
[    0.751062] Loaded X.509 cert 'Canonical Ltd. Live Patch Signing: 14df34d1a87cf37625abec039ef2bf521249b969'
[    0.751950] Loaded X.509 cert 'Canonical Ltd. Kernel Module Signing: 88f752e560a1e0737e31163a466ad7b70a850c19'
[    0.751954] blacklist: Loading compiled-in revocation X.509 certificates
[    0.751983] Loaded X.509 cert 'Canonical Ltd. Secure Boot Signing: 61482aa2830d0ab2ad5af10b7250da9033ddcef0'
[    0.752009] Loaded X.509 cert 'Canonical Ltd. Secure Boot Signing (2017): 242ade75ac4a15e50d50c84b0d45ff3eae707a03'
[    0.752033] Loaded X.509 cert 'Canonical Ltd. Secure Boot Signing (ESM 2018): 365188c1d374d6b07c3c8f240f8ef722433d6a8b'
[    0.752057] Loaded X.509 cert 'Canonical Ltd. Secure Boot Signing (2019): c0746fd6c5da3ae827864651ad66ae47fe24b3e8'
[    0.752083] Loaded X.509 cert 'Canonical Ltd. Secure Boot Signing (2021 v1): a8d54bbb3825cfb94fa13c9f8a594a195c107b8d'
[    0.752109] Loaded X.509 cert 'Canonical Ltd. Secure Boot Signing (2021 v2): 4cf046892d6fd3c9a5b03f98d845f90851dc6a8c'
[    0.752132] Loaded X.509 cert 'Canonical Ltd. Secure Boot Signing (2021 v3): 100437bb6de6e469b581e61cd66bce3ef4ed53af'
[    0.752159] Loaded X.509 cert 'Canonical Ltd. Secure Boot Signing (Ubuntu Core 2019): c1d57b8f6b743f23ee41f4f7ee292f06eecadfb9'
[    0.752223] zswap: loaded using pool lzo/zbud
[    0.752570] Key type .fscrypt registered
[    0.752572] Key type fscrypt-provisioning registered
[    0.756625] Key type encrypted registered
[    0.756632] AppArmor: AppArmor sha1 policy hashing enabled
[    0.756646] ima: No TPM chip found, activating TPM-bypass!
[    0.756653] Loading compiled-in module X.509 certificates
[    0.757589] Loaded X.509 cert 'Build time autogenerated kernel key: 978dfca12c8b590421d1f1330e9cbbfdf01d8001'
[    0.757595] ima: Allocated hash algorithm: sha1
[    0.757604] ima: No architecture policies found
[    0.757620] evm: Initialising EVM extended attributes:
[    0.757621] evm: security.selinux
[    0.757622] evm: security.SMACK64
[    0.757623] evm: security.SMACK64EXEC
[    0.757624] evm: security.SMACK64TRANSMUTE
[    0.757626] evm: security.SMACK64MMAP
[    0.757627] evm: security.apparmor
[    0.757628] evm: security.ima
[    0.757629] evm: security.capability
[    0.757630] evm: HMAC attrs: 0x1
[    0.758138] PM:   Magic number: 4:369:158
[    0.758395] RAS: Correctable Errors collector initialized.
[    0.760886] Freeing unused decrypted memory: 2036K
[    0.761574] Freeing unused kernel image (initmem) memory: 3356K
[    0.766074] Write protecting the kernel read-only data: 30720k
[    0.766800] Freeing unused kernel image (text/rodata gap) memory: 2036K
[    0.767105] Freeing unused kernel image (rodata/data gap) memory: 1432K
[    0.865330] x86/mm: Checked W+X mappings: passed, no W+X pages found.
[    0.865417] Run /init as init process
[    0.865421]   with arguments:
[    0.865423]     /init
[    0.865424]     splash
[    0.865426]   with environment:
[    0.865427]     HOME=/
[    0.865428]     TERM=linux
[    0.865430]     BOOT_IMAGE=/boot/vmlinuz-5.15.0-101-generic
[    0.996166] usb 2-1: new full-speed USB device number 2 using ohci-pci
[    1.062218] piix4_smbus 0000:00:07.0: SMBus Host Controller at 0x4100, revision 0
[    1.063447] ahci 0000:00:0d.0: version 3.0
[    1.063826] ahci 0000:00:0d.0: SSS flag set, parallel bus scan disabled
[    1.063919] ahci 0000:00:0d.0: AHCI 0001.0100 32 slots 1 ports 3 Gbps 0x1 impl SATA mode
[    1.063922] ahci 0000:00:0d.0: flags: 64bit ncq stag only ccc 
[    1.064662] e1000: Intel(R) PRO/1000 Network Driver
[    1.064663] e1000: Copyright (c) 1999-2006 Intel Corporation.
[    1.070154] scsi host2: ahci
[    1.070208] ata3: SATA max UDMA/133 abar m8192@0xf0806000 port 0xf0806100 irq 21
[    1.088438] ACPI: video: Video Device [GFX0] (multi-head: yes  rom: no  post: no)
[    1.088491] input: Video Bus as /devices/LNXSYSTM:00/LNXSYBUS:00/PNP0A03:00/LNXVIDEO:00/input/input5
[    1.274528] input: ImExPS/2 Generic Explorer Mouse as /devices/platform/i8042/serio1/input/input4
[    1.331536] usb 2-1: New USB device found, idVendor=80ee, idProduct=0021, bcdDevice= 1.00
[    1.331541] usb 2-1: New USB device strings: Mfr=1, Product=3, SerialNumber=0
[    1.331542] usb 2-1: Product: USB Tablet
[    1.331543] usb 2-1: Manufacturer: VirtualBox
[    1.339250] hid: raw HID events driver (C) Jiri Kosina
[    1.386551] ata3: SATA link up 3.0 Gbps (SStatus 123 SControl 300)
[    1.386797] ata3.00: ATA-6: VBOX HARDDISK, 1.0, max UDMA/133
[    1.386800] ata3.00: 52428800 sectors, multi 128: LBA48 NCQ (depth 32)
[    1.387041] ata3.00: configured for UDMA/133
[    1.387114] scsi 2:0:0:0: Direct-Access     ATA      VBOX HARDDISK    1.0  PQ: 0 ANSI: 5
[    1.387326] sd 2:0:0:0: [sda] 52428800 512-byte logical blocks: (26.8 GB/25.0 GiB)
[    1.387331] sd 2:0:0:0: [sda] Write Protect is off
[    1.387332] sd 2:0:0:0: [sda] Mode Sense: 00 3a 00 00
[    1.387339] sd 2:0:0:0: [sda] Write cache: enabled, read cache: enabled, doesn't support DPO or FUA
[    1.387548] sd 2:0:0:0: Attached scsi generic sg1 type 0
[    1.390045]  sda: sda1 sda2 < sda5 >
[    1.390361] sd 2:0:0:0: [sda] Attached SCSI disk
[    1.407044] usbcore: registered new interface driver usbhid
[    1.407046] usbhid: USB HID core driver
[    1.408601] input: VirtualBox USB Tablet as /devices/pci0000:00/0000:00:06.0/usb2/2-1/2-1:1.0/0003:80EE:0021.0001/input/input6
[    1.408714] hid-generic 0003:80EE:0021.0001: input,hidraw0: USB HID v1.10 Mouse [VirtualBox USB Tablet] on usb-0000:00:06.0-1/input0
[    1.426060] e1000 0000:00:03.0 eth0: (PCI:33MHz:32-bit) 08:00:27:97:03:90
[    1.426066] e1000 0000:00:03.0 eth0: Intel(R) PRO/1000 Network Connection
[    1.427765] e1000 0000:00:03.0 enp0s3: renamed from eth0
[    1.461471] EXT4-fs (sda5): mounted filesystem with ordered data mode. Opts: (null). Quota mode: none.
[    1.590868] systemd[1]: Inserted module 'autofs4'
[    1.608512] systemd[1]: systemd 245.4-4ubuntu3.23 running in system mode. (+PAM +AUDIT +SELINUX +IMA +APPARMOR +SMACK +SYSVINIT +UTMP +LIBCRYPTSETUP +GCRYPT +GNUTLS +ACL +XZ +LZ4 +SECCOMP +BLKID +ELFUTILS +KMOD +IDN2 -IDN +PCRE2 default-hierarchy=hybrid)
[    1.608535] systemd[1]: Detected virtualization oracle.
[    1.608538] systemd[1]: Detected architecture x86-64.
[    1.609392] systemd[1]: Set hostname to <ubuntu>.
[    1.776764] systemd[1]: Created slice system-modprobe.slice.
[    1.776918] systemd[1]: Created slice system-systemd\x2dfsck.slice.
[    1.777032] systemd[1]: Created slice User and Session Slice.
[    1.777075] systemd[1]: Started Forward Password Requests to Wall Directory Watch.
[    1.777180] systemd[1]: Set up automount Arbitrary Executable File Formats File System Automount Point.
[    1.777403] systemd[1]: Reached target User and Group Name Lookups.
[    1.777412] systemd[1]: Reached target Remote File Systems.
[    1.777419] systemd[1]: Reached target Slices.
[    1.777427] systemd[1]: Reached target Mounting snaps.
[    1.777493] systemd[1]: Listening on Syslog Socket.
[    1.777539] systemd[1]: Listening on fsck to fsckd communication Socket.
[    1.777570] systemd[1]: Listening on initctl Compatibility Named Pipe.
[    1.777659] systemd[1]: Listening on Journal Audit Socket.
[    1.777699] systemd[1]: Listening on Journal Socket (/dev/log).
[    1.777749] systemd[1]: Listening on Journal Socket.
[    1.777798] systemd[1]: Listening on udev Control Socket.
[    1.777835] systemd[1]: Listening on udev Kernel Socket.
[    1.778529] systemd[1]: Mounting Huge Pages File System...
[    1.779128] systemd[1]: Mounting POSIX Message Queue File System...
[    1.779717] systemd[1]: Mounting Kernel Debug File System...
[    1.780267] systemd[1]: Mounting Kernel Trace File System...
[    1.781002] systemd[1]: Starting Journal Service...
[    1.782085] systemd[1]: Starting Set the console keyboard layout...
[    1.818384] systemd[1]: Starting Create list of static device nodes for the current kernel...
[    1.821153] systemd[1]: Starting Load Kernel Module chromeos_pstore...
[    1.823494] systemd[1]: Starting Load Kernel Module drm...
[    1.824794] systemd[1]: Starting Load Kernel Module efi_pstore...
[    1.828935] systemd[1]: Starting Load Kernel Module pstore_blk...
[    1.838435] systemd[1]: Starting Load Kernel Module pstore_zone...
[    1.843746] systemd[1]: Starting Load Kernel Module ramoops...
[    1.846016] systemd[1]: Condition check resulted in Set Up Additional Binary Formats being skipped.
[    1.846035] systemd[1]: Condition check resulted in File System Check on Root Device being skipped.
[    1.847633] systemd[1]: Starting Load Kernel Modules...
[    1.848960] systemd[1]: Starting Remount Root and Kernel File Systems...
[    1.858739] systemd[1]: Starting udev Coldplug all Devices...
[    1.860806] EXT4-fs (sda5): re-mounted. Opts: errors=remount-ro. Quota mode: none.
[    1.865905] systemd[1]: Starting Uncomplicated firewall...
[    1.875691] systemd[1]: Mounted Huge Pages File System.
[    1.875762] systemd[1]: Mounted POSIX Message Queue File System.
[    1.875815] systemd[1]: Mounted Kernel Debug File System.
[    1.875867] systemd[1]: Mounted Kernel Trace File System.
[    1.886556] systemd[1]: Finished Create list of static device nodes for the current kernel.
[    1.886744] systemd[1]: modprobe@chromeos_pstore.service: Succeeded.
[    1.887904] systemd[1]: Finished Load Kernel Module chromeos_pstore.
[    1.888134] systemd[1]: modprobe@drm.service: Succeeded.
[    1.888324] systemd[1]: Finished Load Kernel Module drm.
[    1.888565] systemd[1]: modprobe@efi_pstore.service: Succeeded.
[    1.888878] systemd[1]: Finished Load Kernel Module efi_pstore.
[    1.889049] systemd[1]: modprobe@pstore_blk.service: Succeeded.
[    1.891689] lp: driver loaded but no devices found
[    1.891816] systemd[1]: Finished Load Kernel Module pstore_blk.
[    1.892008] systemd[1]: modprobe@pstore_zone.service: Succeeded.
[    1.892459] systemd[1]: Finished Load Kernel Module pstore_zone.
[    1.892584] systemd[1]: modprobe@ramoops.service: Succeeded.
[    1.893462] systemd[1]: Finished Load Kernel Module ramoops.
[    1.893731] systemd[1]: Finished Remount Root and Kernel File Systems.
[    1.900545] systemd[1]: Finished Uncomplicated firewall.
[    1.900689] systemd[1]: Started Journal Service.
[    1.902158] ppdev: user-space parallel port driver
[    1.928653] Adding 1190340k swap on /swapfile.  Priority:-2 extents:5 across:1223108k FS
[    1.938579] systemd-journald[225]: Received client request to flush runtime journal.
[    2.001232] loop0: detected capacity change from 0 to 8
[    2.006226] loop1: detected capacity change from 0 to 129608
[    2.006296] loop2: detected capacity change from 0 to 130880
[    2.006332] loop3: detected capacity change from 0 to 709280
[    2.021330] loop4: detected capacity change from 0 to 716176
[    2.031521] loop5: detected capacity change from 0 to 187776
[    2.039618] loop6: detected capacity change from 0 to 94064
[    2.046818] loop7: detected capacity change from 0 to 102072
[    2.318590] vboxguest: host-version: 7.0.14r161095 0x8000000f
[    2.319124] vbg_heartbeat_init: Setting up heartbeat to trigger every 2000 milliseconds
[    2.319184] input: VirtualBox mouse integration as /devices/pci0000:00/0000:00:04.0/input/input7
[    2.333017] vboxguest: misc device minor 123, IRQ 20, I/O port d040, MMIO at 0x00000000f0400000 (size 0x0000000000400000)
[    2.464105] RAPL PMU: API unit is 2^-32 Joules, 0 fixed counters, 10737418240 ms ovfl timer
[    2.504643] cryptd: max_cpu_qlen set to 1000
[    2.532304] AVX2 version of gcm_enc/dec engaged.
[    2.532318] AES CTR mode by8 optimization enabled
[    2.625535] vmwgfx 0000:00:02.0: vgaarb: deactivate vga console
[    2.626804] Console: switching to colour dummy device 80x25
[    2.647048] [TTM] Zone  kernel: Available graphics memory: 1005622 KiB
[    2.647369] vmwgfx 0000:00:02.0: [drm] FIFO at 0x00000000f0000000 size is 2048 kiB
[    2.647380] vmwgfx 0000:00:02.0: [drm] VRAM at 0x00000000e0000000 size is 16384 kiB
[    2.647417] vmwgfx 0000:00:02.0: [drm] Running on SVGA version 2.
[    2.647430] vmwgfx 0000:00:02.0: [drm] DMA map mode: Caching DMA mappings.
[    2.647514] vmwgfx 0000:00:02.0: [drm] Legacy memory limits: VRAM = 16384 kB, FIFO = 2048 kB, surface = 507904 kB
[    2.647515] vmwgfx 0000:00:02.0: [drm] MOB limits: max mob size = 0 kB, max mob pages = 0
[    2.647518] vmwgfx 0000:00:02.0: [drm] Capabilities: rect copy, cursor, cursor bypass, cursor bypass 2, alpha cursor, extended fifo, pitchlock, irq mask, gmr, traces, gmr2, screen object 2, command buffers, 
[    2.647519] vmwgfx 0000:00:02.0: [drm] Max GMR ids is 8192
[    2.647520] vmwgfx 0000:00:02.0: [drm] Max number of GMR pages is 1048576
[    2.647521] vmwgfx 0000:00:02.0: [drm] Maximum display memory size is 16384 kiB
[    2.686560] vmwgfx 0000:00:02.0: [drm] Screen Object display unit initialized
[    2.687093] vmwgfx 0000:00:02.0: [drm] Fifo max 0x00200000 min 0x00001000 cap 0x00000355
[    2.687184] vmwgfx 0000:00:02.0: [drm] Using command buffers with DMA pool.
[    2.687192] vmwgfx 0000:00:02.0: [drm] Available shader model: Legacy.
[    2.687196] [drm:vmw_host_printf [vmwgfx]] *ERROR* Failed to send host log message.
[    2.688554] fbcon: svgadrmfb (fb0) is primary device
[    2.689038] Console: switching to colour frame buffer device 100x37
[    2.705878] [drm] Initialized vmwgfx 2.19.0 20210722 for 0000:00:02.0 on minor 0
[    2.942916] audit: type=1400 audit(1712373002.899:2): apparmor="STATUS" operation="profile_load" profile="unconfined" name="lsb_release" pid=466 comm="apparmor_parser"
[    2.949774] audit: type=1400 audit(1712373002.903:3): apparmor="STATUS" operation="profile_load" profile="unconfined" name="ubuntu_pro_apt_news" pid=471 comm="apparmor_parser"
[    2.963167] audit: type=1400 audit(1712373002.919:4): apparmor="STATUS" operation="profile_load" profile="unconfined" name="libreoffice-senddoc" pid=473 comm="apparmor_parser"
[    2.970851] audit: type=1400 audit(1712373002.927:5): apparmor="STATUS" operation="profile_load" profile="unconfined" name="ippusbxd" pid=476 comm="apparmor_parser"
[    3.092248] snd_intel8x0 0000:00:05.0: allow list rate for 1028:0177 is 48000
[    3.123459] audit: type=1400 audit(1712373003.079:6): apparmor="STATUS" operation="profile_load" profile="unconfined" name="/usr/bin/evince" pid=479 comm="apparmor_parser"
[    3.123463] audit: type=1400 audit(1712373003.079:7): apparmor="STATUS" operation="profile_load" profile="unconfined" name="/usr/bin/evince//sanitized_helper" pid=479 comm="apparmor_parser"
[    3.123464] audit: type=1400 audit(1712373003.079:8): apparmor="STATUS" operation="profile_load" profile="unconfined" name="/usr/bin/evince-previewer" pid=479 comm="apparmor_parser"
[    3.123465] audit: type=1400 audit(1712373003.079:9): apparmor="STATUS" operation="profile_load" profile="unconfined" name="/usr/bin/evince-previewer//sanitized_helper" pid=479 comm="apparmor_parser"
[    3.123467] audit: type=1400 audit(1712373003.079:10): apparmor="STATUS" operation="profile_load" profile="unconfined" name="/usr/bin/evince-thumbnailer" pid=479 comm="apparmor_parser"
[    4.059436] loop8: detected capacity change from 0 to 8
[    4.250696] e1000: enp0s3 NIC Link is Up 1000 Mbps Full Duplex, Flow Control: RX
[    4.251573] IPv6: ADDRCONF(NETDEV_CHANGE): enp0s3: link becomes ready
[    6.620100] rfkill: input handler disabled
[   12.170036] rfkill: input handler enabled
[   16.287515] rfkill: input handler disabled
[  354.995781] hello: loading out-of-tree module taints kernel.
[  354.995812] hello: module verification failed: signature and/or required key missing - tainting kernel
[  354.995895] Hello, Kernel 
codr@ubuntu:~/ece373/assignment1$ sudo rmmod hello
codr@ubuntu:~/ece373/assignment1$ dmesg
[    0.000000] Linux version 5.15.0-101-generic (buildd@lcy02-amd64-031) (gcc (Ubuntu 9.4.0-1ubuntu1~20.04.2) 9.4.0, GNU ld (GNU Binutils for Ubuntu) 2.34) #111~20.04.1-Ubuntu SMP Mon Mar 11 15:44:43 UTC 2024 (Ubuntu 5.15.0-101.111~20.04.1-generic 5.15.143)
[    0.000000] Command line: BOOT_IMAGE=/boot/vmlinuz-5.15.0-101-generic root=UUID=5a2eb933-a3f1-4abb-8e2d-a5f885e07c8d ro quiet splash
[    0.000000] KERNEL supported cpus:
[    0.000000]   Intel GenuineIntel
[    0.000000]   AMD AuthenticAMD
[    0.000000]   Hygon HygonGenuine
[    0.000000]   Centaur CentaurHauls
[    0.000000]   zhaoxin   Shanghai  
[    0.000000] BIOS-provided physical RAM map:
[    0.000000] BIOS-e820: [mem 0x0000000000000000-0x000000000009fbff] usable
[    0.000000] BIOS-e820: [mem 0x000000000009fc00-0x000000000009ffff] reserved
[    0.000000] BIOS-e820: [mem 0x00000000000f0000-0x00000000000fffff] reserved
[    0.000000] BIOS-e820: [mem 0x0000000000100000-0x000000007ffeffff] usable
[    0.000000] BIOS-e820: [mem 0x000000007fff0000-0x000000007fffffff] ACPI data
[    0.000000] BIOS-e820: [mem 0x00000000fec00000-0x00000000fec00fff] reserved
[    0.000000] BIOS-e820: [mem 0x00000000fee00000-0x00000000fee00fff] reserved
[    0.000000] BIOS-e820: [mem 0x00000000fffc0000-0x00000000ffffffff] reserved
[    0.000000] NX (Execute Disable) protection: active
[    0.000000] SMBIOS 2.5 present.
[    0.000000] DMI: innotek GmbH VirtualBox/VirtualBox, BIOS VirtualBox 12/01/2006
[    0.000000] Hypervisor detected: KVM
[    0.000000] kvm-clock: Using msrs 4b564d01 and 4b564d00
[    0.000000] kvm-clock: cpu 0, msr 60201001, primary cpu clock
[    0.000003] kvm-clock: using sched offset of 4085922766 cycles
[    0.000006] clocksource: kvm-clock: mask: 0xffffffffffffffff max_cycles: 0x1cd42e4dffb, max_idle_ns: 881590591483 ns
[    0.000012] tsc: Detected 2303.998 MHz processor
[    0.002533] e820: update [mem 0x00000000-0x00000fff] usable ==> reserved
[    0.002540] e820: remove [mem 0x000a0000-0x000fffff] usable
[    0.002551] last_pfn = 0x7fff0 max_arch_pfn = 0x400000000
[    0.002571] Disabled
[    0.002572] x86/PAT: MTRRs disabled, skipping PAT initialization too.
[    0.002576] CPU MTRRs all blank - virtualized system.
[    0.002580] x86/PAT: Configuration [0-7]: WB  WT  UC- UC  WB  WT  UC- UC  
[    0.002705] found SMP MP-table at [mem 0x0009fff0-0x0009ffff]
[    0.002908] RAMDISK: [mem 0x2f229000-0x3390bfff]
[    0.002920] ACPI: Early table checksum verification disabled
[    0.002926] ACPI: RSDP 0x00000000000E0000 000024 (v02 VBOX  )
[    0.002934] ACPI: XSDT 0x000000007FFF0030 00003C (v01 VBOX   VBOXXSDT 00000001 ASL  00000061)
[    0.002945] ACPI: FACP 0x000000007FFF00F0 0000F4 (v04 VBOX   VBOXFACP 00000001 ASL  00000061)
[    0.002956] ACPI: DSDT 0x000000007FFF0610 002353 (v02 VBOX   VBOXBIOS 00000002 INTL 20100528)
[    0.002964] ACPI: FACS 0x000000007FFF0200 000040
[    0.002970] ACPI: FACS 0x000000007FFF0200 000040
[    0.002977] ACPI: APIC 0x000000007FFF0240 000054 (v02 VBOX   VBOXAPIC 00000001 ASL  00000061)
[    0.002984] ACPI: SSDT 0x000000007FFF02A0 00036C (v01 VBOX   VBOXCPUT 00000002 INTL 20100528)
[    0.002990] ACPI: Reserving FACP table memory at [mem 0x7fff00f0-0x7fff01e3]
[    0.002993] ACPI: Reserving DSDT table memory at [mem 0x7fff0610-0x7fff2962]
[    0.002995] ACPI: Reserving FACS table memory at [mem 0x7fff0200-0x7fff023f]
[    0.002997] ACPI: Reserving FACS table memory at [mem 0x7fff0200-0x7fff023f]
[    0.002998] ACPI: Reserving APIC table memory at [mem 0x7fff0240-0x7fff0293]
[    0.003000] ACPI: Reserving SSDT table memory at [mem 0x7fff02a0-0x7fff060b]
[    0.003703] No NUMA configuration found
[    0.003707] Faking a node at [mem 0x0000000000000000-0x000000007ffeffff]
[    0.003724] NODE_DATA(0) allocated [mem 0x7ffc6000-0x7ffeffff]
[    0.004152] Zone ranges:
[    0.004153]   DMA      [mem 0x0000000000001000-0x0000000000ffffff]
[    0.004157]   DMA32    [mem 0x0000000001000000-0x000000007ffeffff]
[    0.004160]   Normal   empty
[    0.004162]   Device   empty
[    0.004164] Movable zone start for each node
[    0.004203] Early memory node ranges
[    0.004205]   node   0: [mem 0x0000000000001000-0x000000000009efff]
[    0.004208]   node   0: [mem 0x0000000000100000-0x000000007ffeffff]
[    0.004212] Initmem setup node 0 [mem 0x0000000000001000-0x000000007ffeffff]
[    0.004221] On node 0, zone DMA: 1 pages in unavailable ranges
[    0.004255] On node 0, zone DMA: 97 pages in unavailable ranges
[    0.008656] On node 0, zone DMA32: 16 pages in unavailable ranges
[    0.009365] ACPI: PM-Timer IO Port: 0x4008
[    0.009457] IOAPIC[0]: apic_id 1, version 32, address 0xfec00000, GSI 0-23
[    0.009464] ACPI: INT_SRC_OVR (bus 0 bus_irq 0 global_irq 2 dfl dfl)
[    0.009468] ACPI: INT_SRC_OVR (bus 0 bus_irq 9 global_irq 9 low level)
[    0.009476] ACPI: Using ACPI (MADT) for SMP configuration information
[    0.009484] smpboot: Allowing 1 CPUs, 0 hotplug CPUs
[    0.009514] PM: hibernation: Registered nosave memory: [mem 0x00000000-0x00000fff]
[    0.009518] PM: hibernation: Registered nosave memory: [mem 0x0009f000-0x0009ffff]
[    0.009520] PM: hibernation: Registered nosave memory: [mem 0x000a0000-0x000effff]
[    0.009521] PM: hibernation: Registered nosave memory: [mem 0x000f0000-0x000fffff]
[    0.009524] [mem 0x80000000-0xfebfffff] available for PCI devices
[    0.009526] Booting paravirtualized kernel on KVM
[    0.009529] clocksource: refined-jiffies: mask: 0xffffffff max_cycles: 0xffffffff, max_idle_ns: 7645519600211568 ns
[    0.009538] setup_percpu: NR_CPUS:8192 nr_cpumask_bits:1 nr_cpu_ids:1 nr_node_ids:1
[    0.009740] percpu: Embedded 61 pages/cpu s212992 r8192 d28672 u2097152
[    0.009748] pcpu-alloc: s212992 r8192 d28672 u2097152 alloc=1*2097152
[    0.009752] pcpu-alloc: [0] 0 
[    0.009789] kvm-guest: PV spinlocks disabled, single CPU
[    0.009798] Built 1 zonelists, mobility grouping on.  Total pages: 515824
[    0.009800] Policy zone: DMA32
[    0.009802] Kernel command line: BOOT_IMAGE=/boot/vmlinuz-5.15.0-101-generic root=UUID=5a2eb933-a3f1-4abb-8e2d-a5f885e07c8d ro quiet splash
[    0.009918] Unknown kernel command line parameters "splash BOOT_IMAGE=/boot/vmlinuz-5.15.0-101-generic", will be passed to user space.
[    0.010476] Dentry cache hash table entries: 262144 (order: 9, 2097152 bytes, linear)
[    0.010553] Inode-cache hash table entries: 131072 (order: 8, 1048576 bytes, linear)
[    0.010612] mem auto-init: stack:off, heap alloc:on, heap free:off
[    0.017985] Memory: 1929496K/2096696K available (16393K kernel code, 4390K rwdata, 10856K rodata, 3356K init, 18724K bss, 166940K reserved, 0K cma-reserved)
[    0.019343] SLUB: HWalign=64, Order=0-3, MinObjects=0, CPUs=1, Nodes=1
[    0.019442] ftrace: allocating 50186 entries in 197 pages
[    0.062223] ftrace: allocated 197 pages with 4 groups
[    0.062499] rcu: Hierarchical RCU implementation.
[    0.062501] rcu: 	RCU restricting CPUs from NR_CPUS=8192 to nr_cpu_ids=1.
[    0.062504] 	Rude variant of Tasks RCU enabled.
[    0.062505] 	Tracing variant of Tasks RCU enabled.
[    0.062506] rcu: RCU calculated value of scheduler-enlistment delay is 25 jiffies.
[    0.062508] rcu: Adjusting geometry for rcu_fanout_leaf=16, nr_cpu_ids=1
[    0.071301] NR_IRQS: 524544, nr_irqs: 256, preallocated irqs: 16
[    0.071711] random: crng init done
[    0.086763] Console: colour VGA+ 80x25
[    0.086785] printk: console [tty0] enabled
[    0.086818] ACPI: Core revision 20210730
[    0.086980] APIC: Switch to symmetric I/O mode setup
[    0.087379] x2apic enabled
[    0.087784] Switched APIC routing to physical x2apic.
[    0.089580] ..TIMER: vector=0x30 apic1=0 pin1=2 apic2=-1 pin2=-1
[    0.089663] clocksource: tsc-early: mask: 0xffffffffffffffff max_cycles: 0x2135f5e6f15, max_idle_ns: 440795231538 ns
[    0.089681] Calibrating delay loop (skipped) preset value.. 4607.99 BogoMIPS (lpj=9215992)
[    0.089915] process: using mwait in idle threads
[    0.089922] Last level iTLB entries: 4KB 64, 2MB 8, 4MB 8
[    0.089924] Last level dTLB entries: 4KB 64, 2MB 0, 4MB 0, 1GB 4
[    0.089932] Spectre V1 : Mitigation: usercopy/swapgs barriers and __user pointer sanitization
[    0.089935] Spectre V2 : Mitigation: Retpolines
[    0.089936] Spectre V2 : Spectre v2 / SpectreRSB mitigation: Filling RSB on context switch
[    0.089938] Spectre V2 : Spectre v2 / SpectreRSB : Filling RSB on VMEXIT
[    0.089939] RETBleed: WARNING: Spectre v2 mitigation leaves CPU vulnerable to RETBleed attacks, data leaks possible!
[    0.090489] RETBleed: Vulnerable
[    0.090491] Speculative Store Bypass: Vulnerable
[    0.090499] MMIO Stale Data: Vulnerable: Clear CPU buffers attempted, no microcode
[    0.090503] SRBDS: Unknown: Dependent on hypervisor status
[    0.090505] GDS: Unknown: Dependent on hypervisor status
[    0.090547] x86/fpu: Supporting XSAVE feature 0x001: 'x87 floating point registers'
[    0.090549] x86/fpu: Supporting XSAVE feature 0x002: 'SSE registers'
[    0.090551] x86/fpu: Supporting XSAVE feature 0x004: 'AVX registers'
[    0.090554] x86/fpu: xstate_offset[2]:  576, xstate_sizes[2]:  256
[    0.090557] x86/fpu: Enabled xstate features 0x7, context size is 832 bytes, using 'standard' format.
[    0.133032] Freeing SMP alternatives memory: 40K
[    0.133040] pid_max: default: 32768 minimum: 301
[    0.133082] LSM: Security Framework initializing
[    0.133100] landlock: Up and running.
[    0.133101] Yama: becoming mindful.
[    0.133137] AppArmor: AppArmor initialized
[    0.133183] Mount-cache hash table entries: 4096 (order: 3, 32768 bytes, linear)
[    0.133189] Mountpoint-cache hash table entries: 4096 (order: 3, 32768 bytes, linear)
[    0.242315] smpboot: CPU0: Intel(R) Core(TM) i7-10510U CPU @ 1.80GHz (family: 0x6, model: 0x8e, stepping: 0xc)
[    0.242557] Performance Events: unsupported p6 CPU model 142 no PMU driver, software events only.
[    0.242579] signal: max sigframe size: 1776
[    0.242610] rcu: Hierarchical SRCU implementation.
[    0.243347] NMI watchdog: Perf NMI watchdog permanently disabled
[    0.243401] smp: Bringing up secondary CPUs ...
[    0.243403] smp: Brought up 1 node, 1 CPU
[    0.243406] smpboot: Max logical packages: 1
[    0.243408] smpboot: Total of 1 processors activated (4607.99 BogoMIPS)
[    0.243629] devtmpfs: initialized
[    0.243691] x86/mm: Memory block size: 128MB
[    0.244169] clocksource: jiffies: mask: 0xffffffff max_cycles: 0xffffffff, max_idle_ns: 7645041785100000 ns
[    0.244177] futex hash table entries: 256 (order: 2, 16384 bytes, linear)
[    0.244253] pinctrl core: initialized pinctrl subsystem
[    0.244410] PM: RTC time: 03:10:00, date: 2024-04-06
[    0.244581] NET: Registered PF_NETLINK/PF_ROUTE protocol family
[    0.244732] DMA: preallocated 256 KiB GFP_KERNEL pool for atomic allocations
[    0.244759] DMA: preallocated 256 KiB GFP_KERNEL|GFP_DMA pool for atomic allocations
[    0.244784] DMA: preallocated 256 KiB GFP_KERNEL|GFP_DMA32 pool for atomic allocations
[    0.244795] audit: initializing netlink subsys (disabled)
[    0.245040] thermal_sys: Registered thermal governor 'fair_share'
[    0.245042] thermal_sys: Registered thermal governor 'bang_bang'
[    0.245043] thermal_sys: Registered thermal governor 'step_wise'
[    0.245045] thermal_sys: Registered thermal governor 'user_space'
[    0.245046] thermal_sys: Registered thermal governor 'power_allocator'
[    0.245055] EISA bus registered
[    0.245057] cpuidle: using governor ladder
[    0.245059] cpuidle: using governor menu
[    0.245116] ACPI: bus type PCI registered
[    0.245118] acpiphp: ACPI Hot Plug PCI Controller Driver version: 0.5
[    0.245281] PCI: Using configuration type 1 for base access
[    0.246822] kprobes: kprobe jump-optimization is enabled. All kprobes are optimized if possible.
[    0.246859] audit: type=2000 audit(1712373005.146:1): state=initialized audit_enabled=0 res=1
[    0.246962] HugeTLB registered 2.00 MiB page size, pre-allocated 0 pages
[    0.248215] ACPI: Added _OSI(Module Device)
[    0.248218] ACPI: Added _OSI(Processor Device)
[    0.248219] ACPI: Added _OSI(3.0 _SCP Extensions)
[    0.248221] ACPI: Added _OSI(Processor Aggregator Device)
[    0.248222] ACPI: Added _OSI(Linux-Dell-Video)
[    0.248224] ACPI: Added _OSI(Linux-Lenovo-NV-HDMI-Audio)
[    0.248226] ACPI: Added _OSI(Linux-HPI-Hybrid-Graphics)
[    0.251646] ACPI: 2 ACPI AML tables successfully acquired and loaded
[    0.254118] ACPI: Interpreter enabled
[    0.254132] ACPI: PM: (supports S0 S5)
[    0.254134] ACPI: Using IOAPIC for interrupt routing
[    0.254451] PCI: Using host bridge windows from ACPI; if necessary, use "pci=nocrs" and report a bug
[    0.254453] PCI: Using E820 reservations for host bridge windows
[    0.254649] ACPI: Enabled 2 GPEs in block 00 to 07
[    0.262864] ACPI: PCI Root Bridge [PCI0] (domain 0000 [bus 00-ff])
[    0.262876] acpi PNP0A03:00: _OSC: OS supports [ASPM ClockPM Segments MSI EDR HPX-Type3]
[    0.263605] acpi PNP0A03:00: _OSC: not requesting OS control; OS requires [ExtendedConfig ASPM ClockPM MSI]
[    0.263618] acpi PNP0A03:00: fail to add MMCONFIG information, can't access extended PCI configuration space under this bridge.
[    0.264284] PCI host bridge to bus 0000:00
[    0.264290] pci_bus 0000:00: root bus resource [bus 00-ff]
[    0.264294] pci_bus 0000:00: root bus resource [io  0x0000-0x0cf7 window]
[    0.264297] pci_bus 0000:00: root bus resource [io  0x0d00-0xffff window]
[    0.264299] pci_bus 0000:00: root bus resource [mem 0x000a0000-0x000bffff window]
[    0.264302] pci_bus 0000:00: root bus resource [mem 0x80000000-0xfdffffff window]
[    0.264970] pci 0000:00:00.0: [8086:1237] type 00 class 0x060000
[    0.266667] pci 0000:00:01.0: [8086:7000] type 00 class 0x060100
[    0.267974] pci 0000:00:01.1: [8086:7111] type 00 class 0x01018a
[    0.268594] pci 0000:00:01.1: reg 0x20: [io  0xd000-0xd00f]
[    0.268848] pci 0000:00:01.1: legacy IDE quirk: reg 0x10: [io  0x01f0-0x01f7]
[    0.268851] pci 0000:00:01.1: legacy IDE quirk: reg 0x14: [io  0x03f6]
[    0.268853] pci 0000:00:01.1: legacy IDE quirk: reg 0x18: [io  0x0170-0x0177]
[    0.268855] pci 0000:00:01.1: legacy IDE quirk: reg 0x1c: [io  0x0376]
[    0.270109] pci 0000:00:02.0: [15ad:0405] type 00 class 0x030000
[    0.272063] pci 0000:00:02.0: reg 0x10: [io  0xd010-0xd01f]
[    0.273664] pci 0000:00:02.0: reg 0x14: [mem 0xe0000000-0xe0ffffff pref]
[    0.275129] pci 0000:00:02.0: reg 0x18: [mem 0xf0000000-0xf01fffff]
[    0.280399] pci 0000:00:02.0: Video device with shadowed ROM at [mem 0x000c0000-0x000dffff]
[    0.281797] pci 0000:00:03.0: [8086:100e] type 00 class 0x020000
[    0.282966] pci 0000:00:03.0: reg 0x10: [mem 0xf0200000-0xf021ffff]
[    0.285043] pci 0000:00:03.0: reg 0x18: [io  0xd020-0xd027]
[    0.291660] pci 0000:00:04.0: [80ee:cafe] type 00 class 0x088000
[    0.292795] pci 0000:00:04.0: reg 0x10: [io  0xd040-0xd05f]
[    0.293854] pci 0000:00:04.0: reg 0x14: [mem 0xf0400000-0xf07fffff]
[    0.294900] pci 0000:00:04.0: reg 0x18: [mem 0xf0800000-0xf0803fff pref]
[    0.300291] pci 0000:00:05.0: [8086:2415] type 00 class 0x040100
[    0.300531] pci 0000:00:05.0: reg 0x10: [io  0xd100-0xd1ff]
[    0.300641] pci 0000:00:05.0: reg 0x14: [io  0xd200-0xd23f]
[    0.302482] pci 0000:00:06.0: [106b:003f] type 00 class 0x0c0310
[    0.303654] pci 0000:00:06.0: reg 0x10: [mem 0xf0804000-0xf0804fff]
[    0.311122] pci 0000:00:07.0: [8086:7113] type 00 class 0x068000
[    0.311833] pci 0000:00:07.0: quirk: [io  0x4000-0x403f] claimed by PIIX4 ACPI
[    0.311857] pci 0000:00:07.0: quirk: [io  0x4100-0x410f] claimed by PIIX4 SMB
[    0.313976] pci 0000:00:0b.0: [8086:265c] type 00 class 0x0c0320
[    0.315135] pci 0000:00:0b.0: reg 0x10: [mem 0xf0805000-0xf0805fff]
[    0.323974] pci 0000:00:0d.0: [8086:2829] type 00 class 0x010601
[    0.325154] pci 0000:00:0d.0: reg 0x10: [io  0xd240-0xd247]
[    0.325865] pci 0000:00:0d.0: reg 0x14: [io  0xd248-0xd24b]
[    0.327055] pci 0000:00:0d.0: reg 0x18: [io  0xd250-0xd257]
[    0.328196] pci 0000:00:0d.0: reg 0x1c: [io  0xd258-0xd25b]
[    0.329869] pci 0000:00:0d.0: reg 0x20: [io  0xd260-0xd26f]
[    0.330944] pci 0000:00:0d.0: reg 0x24: [mem 0xf0806000-0xf0807fff]
[    0.344513] ACPI: PCI: Interrupt link LNKA configured for IRQ 11
[    0.344974] ACPI: PCI: Interrupt link LNKB configured for IRQ 10
[    0.345154] ACPI: PCI: Interrupt link LNKC configured for IRQ 9
[    0.345855] ACPI: PCI: Interrupt link LNKD configured for IRQ 11
[    0.346296] iommu: Default domain type: Translated 
[    0.346299] iommu: DMA domain TLB invalidation policy: lazy mode 
[    0.346615] SCSI subsystem initialized
[    0.346706] libata version 3.00 loaded.
[    0.346803] pci 0000:00:02.0: vgaarb: setting as boot VGA device
[    0.346807] pci 0000:00:02.0: vgaarb: VGA device added: decodes=io+mem,owns=io+mem,locks=none
[    0.346811] pci 0000:00:02.0: vgaarb: bridge control possible
[    0.346813] vgaarb: loaded
[    0.346865] ACPI: bus type USB registered
[    0.346894] usbcore: registered new interface driver usbfs
[    0.346903] usbcore: registered new interface driver hub
[    0.346911] usbcore: registered new device driver usb
[    0.346952] pps_core: LinuxPPS API ver. 1 registered
[    0.346953] pps_core: Software ver. 5.3.6 - Copyright 2005-2007 Rodolfo Giometti <giometti@linux.it>
[    0.346957] PTP clock support registered
[    0.347035] EDAC MC: Ver: 3.0.0
[    0.347887] NetLabel: Initializing
[    0.347889] NetLabel:  domain hash size = 128
[    0.347891] NetLabel:  protocols = UNLABELED CIPSOv4 CALIPSO
[    0.347923] NetLabel:  unlabeled traffic allowed by default
[    0.347985] PCI: Using ACPI for IRQ routing
[    0.347987] PCI: pci_cache_line_size set to 64 bytes
[    0.348339] e820: reserve RAM buffer [mem 0x0009fc00-0x0009ffff]
[    0.348346] e820: reserve RAM buffer [mem 0x7fff0000-0x7fffffff]
[    0.351256] clocksource: Switched to clocksource kvm-clock
[    0.365886] VFS: Disk quotas dquot_6.6.0
[    0.365907] VFS: Dquot-cache hash table entries: 512 (order 0, 4096 bytes)
[    0.366064] AppArmor: AppArmor Filesystem Enabled
[    0.366164] pnp: PnP ACPI init
[    0.367632] pnp: PnP ACPI: found 2 devices
[    0.380102] clocksource: acpi_pm: mask: 0xffffff max_cycles: 0xffffff, max_idle_ns: 2085701024 ns
[    0.380233] NET: Registered PF_INET protocol family
[    0.380314] IP idents hash table entries: 32768 (order: 6, 262144 bytes, linear)
[    0.384803] tcp_listen_portaddr_hash hash table entries: 1024 (order: 2, 16384 bytes, linear)
[    0.384847] Table-perturb hash table entries: 65536 (order: 6, 262144 bytes, linear)
[    0.384866] TCP established hash table entries: 16384 (order: 5, 131072 bytes, linear)
[    0.384933] TCP bind hash table entries: 16384 (order: 6, 262144 bytes, linear)
[    0.384973] TCP: Hash tables configured (established 16384 bind 16384)
[    0.385162] MPTCP token hash table entries: 2048 (order: 3, 49152 bytes, linear)
[    0.385189] UDP hash table entries: 1024 (order: 3, 32768 bytes, linear)
[    0.385201] UDP-Lite hash table entries: 1024 (order: 3, 32768 bytes, linear)
[    0.385262] NET: Registered PF_UNIX/PF_LOCAL protocol family
[    0.385273] NET: Registered PF_XDP protocol family
[    0.385292] pci_bus 0000:00: resource 4 [io  0x0000-0x0cf7 window]
[    0.385297] pci_bus 0000:00: resource 5 [io  0x0d00-0xffff window]
[    0.385300] pci_bus 0000:00: resource 6 [mem 0x000a0000-0x000bffff window]
[    0.385302] pci_bus 0000:00: resource 7 [mem 0x80000000-0xfdffffff window]
[    0.385366] pci 0000:00:00.0: Limiting direct PCI/PCI transfers
[    0.385387] pci 0000:00:01.0: Activating ISA DMA hang workarounds
[    0.389133] PCI: CLS 0 bytes, default 64
[    0.389215] Trying to unpack rootfs image as initramfs...
[    0.394407] clocksource: tsc: mask: 0xffffffffffffffff max_cycles: 0x2135f5e6f15, max_idle_ns: 440795231538 ns
[    0.394429] clocksource: Switched to clocksource tsc
[    0.394510] platform rtc_cmos: registered platform RTC device (no PNP device found)
[    0.401516] Initialise system trusted keyrings
[    0.401541] Key type blacklist registered
[    0.401611] workingset: timestamp_bits=36 max_order=19 bucket_order=0
[    0.403500] zbud: loaded
[    0.403863] squashfs: version 4.0 (2009/01/31) Phillip Lougher
[    0.404049] fuse: init (API version 7.34)
[    0.404250] integrity: Platform Keyring initialized
[    0.430181] Key type asymmetric registered
[    0.430196] Asymmetric key parser 'x509' registered
[    0.430229] Block layer SCSI generic (bsg) driver version 0.4 loaded (major 243)
[    0.436324] io scheduler mq-deadline registered
[    0.436557] shpchp: Standard Hot Plug PCI Controller Driver version: 0.4
[    0.436851] ACPI: AC: AC Adapter [AC] (on-line)
[    0.436942] input: Power Button as /devices/LNXSYSTM:00/LNXPWRBN:00/input/input0
[    0.436987] ACPI: button: Power Button [PWRF]
[    0.437094] input: Sleep Button as /devices/LNXSYSTM:00/LNXSLPBN:00/input/input1
[    0.437119] ACPI: button: Sleep Button [SLPF]
[    0.437519] Serial: 8250/16550 driver, 32 ports, IRQ sharing enabled
[    0.439589] Linux agpgart interface v0.103
[    0.441525] loop: module loaded
[    0.441701] ata_piix 0000:00:01.1: version 2.13
[    0.443372] ACPI: battery: Slot [BAT0] (battery present)
[    0.446283] scsi host0: ata_piix
[    0.451531] scsi host1: ata_piix
[    0.451581] ata1: PATA max UDMA/33 cmd 0x1f0 ctl 0x3f6 bmdma 0xd000 irq 14
[    0.451584] ata2: PATA max UDMA/33 cmd 0x170 ctl 0x376 bmdma 0xd008 irq 15
[    0.451786] tun: Universal TUN/TAP device driver, 1.6
[    0.452207] PPP generic driver version 2.4.2
[    0.452279] VFIO - User Level meta-driver version: 0.3
[    0.452748] ehci_hcd: USB 2.0 'Enhanced' Host Controller (EHCI) Driver
[    0.452756] ehci-pci: EHCI PCI platform driver
[    0.453655] ehci-pci 0000:00:0b.0: EHCI Host Controller
[    0.453665] ehci-pci 0000:00:0b.0: new USB bus registered, assigned bus number 1
[    0.454008] ehci-pci 0000:00:0b.0: irq 19, io mem 0xf0805000
[    0.470465] ehci-pci 0000:00:0b.0: USB 2.0 started, EHCI 1.00
[    0.470551] usb usb1: New USB device found, idVendor=1d6b, idProduct=0002, bcdDevice= 5.15
[    0.470555] usb usb1: New USB device strings: Mfr=3, Product=2, SerialNumber=1
[    0.470558] usb usb1: Product: EHCI Host Controller
[    0.470561] usb usb1: Manufacturer: Linux 5.15.0-101-generic ehci_hcd
[    0.470563] usb usb1: SerialNumber: 0000:00:0b.0
[    0.470737] hub 1-0:1.0: USB hub found
[    0.470749] hub 1-0:1.0: 12 ports detected
[    0.471065] ehci-platform: EHCI generic platform driver
[    0.471083] ohci_hcd: USB 1.1 'Open' Host Controller (OHCI) Driver
[    0.471088] ohci-pci: OHCI PCI platform driver
[    0.472047] ohci-pci 0000:00:06.0: OHCI PCI host controller
[    0.472057] ohci-pci 0000:00:06.0: new USB bus registered, assigned bus number 2
[    0.472159] ohci-pci 0000:00:06.0: irq 22, io mem 0xf0804000
[    0.535415] usb usb2: New USB device found, idVendor=1d6b, idProduct=0001, bcdDevice= 5.15
[    0.535423] usb usb2: New USB device strings: Mfr=3, Product=2, SerialNumber=1
[    0.535426] usb usb2: Product: OHCI PCI host controller
[    0.535428] usb usb2: Manufacturer: Linux 5.15.0-101-generic ohci_hcd
[    0.535430] usb usb2: SerialNumber: 0000:00:06.0
[    0.535614] hub 2-0:1.0: USB hub found
[    0.535639] hub 2-0:1.0: 12 ports detected
[    0.536224] ohci-platform: OHCI generic platform driver
[    0.536241] uhci_hcd: USB Universal Host Controller Interface driver
[    0.536328] i8042: PNP: PS/2 Controller [PNP0303:PS2K,PNP0f03:PS2M] at 0x60,0x64 irq 1,12
[    0.537042] serio: i8042 KBD port at 0x60,0x64 irq 1
[    0.537052] serio: i8042 AUX port at 0x60,0x64 irq 12
[    0.537212] mousedev: PS/2 mouse device common for all mice
[    0.537596] input: AT Translated Set 2 keyboard as /devices/platform/i8042/serio0/input/input2
[    0.538319] rtc_cmos rtc_cmos: registered as rtc0
[    0.538376] rtc_cmos rtc_cmos: setting system clock to 2024-04-06T03:10:00 UTC (1712373000)
[    0.538522] rtc_cmos rtc_cmos: alarms up to one day, 114 bytes nvram
[    0.538538] i2c_dev: i2c /dev entries driver
[    0.538576] device-mapper: core: CONFIG_IMA_DISABLE_HTABLE is disabled. Duplicate IMA measurements will not be recorded in the IMA log.
[    0.538617] device-mapper: uevent: version 1.0.3
[    0.538692] device-mapper: ioctl: 4.45.0-ioctl (2021-03-22) initialised: dm-devel@redhat.com
[    0.538719] platform eisa.0: Probing EISA bus 0
[    0.538722] platform eisa.0: EISA: Cannot allocate resource for mainboard
[    0.538725] platform eisa.0: Cannot allocate resource for EISA slot 1
[    0.538727] platform eisa.0: Cannot allocate resource for EISA slot 2
[    0.538729] platform eisa.0: Cannot allocate resource for EISA slot 3
[    0.538731] platform eisa.0: Cannot allocate resource for EISA slot 4
[    0.538733] platform eisa.0: Cannot allocate resource for EISA slot 5
[    0.538734] platform eisa.0: Cannot allocate resource for EISA slot 6
[    0.538736] platform eisa.0: Cannot allocate resource for EISA slot 7
[    0.538738] platform eisa.0: Cannot allocate resource for EISA slot 8
[    0.538740] platform eisa.0: EISA: Detected 0 cards
[    0.538743] intel_pstate: CPU model not supported
[    0.538755] ledtrig-cpu: registered to indicate activity on CPUs
[    0.538841] drop_monitor: Initializing network drop monitor service
[    0.539048] NET: Registered PF_INET6 protocol family
[    0.623511] ata2.00: ATAPI: VBOX CD-ROM, 1.0, max UDMA/133
[    0.624571] scsi 1:0:0:0: CD-ROM            VBOX     CD-ROM           1.0  PQ: 0 ANSI: 5
[    0.639077] sr 1:0:0:0: [sr0] scsi3-mmc drive: 32x/32x xa/form2 tray
[    0.639084] cdrom: Uniform CD-ROM driver Revision: 3.20
[    0.661413] sr 1:0:0:0: Attached scsi CD-ROM sr0
[    0.661586] sr 1:0:0:0: Attached scsi generic sg0 type 5
[    0.739821] Freeing initrd memory: 72588K
[    0.748570] Segment Routing with IPv6
[    0.748591] In-situ OAM (IOAM) with IPv6
[    0.748627] NET: Registered PF_PACKET protocol family
[    0.748680] Key type dns_resolver registered
[    0.748887] IPI shorthand broadcast: enabled
[    0.748921] sched_clock: Marking stable (728534724, 17999979)->(746617130, -82427)
[    0.749025] registered taskstats version 1
[    0.749075] Loading compiled-in X.509 certificates
[    0.750124] Loaded X.509 cert 'Build time autogenerated kernel key: 978dfca12c8b590421d1f1330e9cbbfdf01d8001'
[    0.751062] Loaded X.509 cert 'Canonical Ltd. Live Patch Signing: 14df34d1a87cf37625abec039ef2bf521249b969'
[    0.751950] Loaded X.509 cert 'Canonical Ltd. Kernel Module Signing: 88f752e560a1e0737e31163a466ad7b70a850c19'
[    0.751954] blacklist: Loading compiled-in revocation X.509 certificates
[    0.751983] Loaded X.509 cert 'Canonical Ltd. Secure Boot Signing: 61482aa2830d0ab2ad5af10b7250da9033ddcef0'
[    0.752009] Loaded X.509 cert 'Canonical Ltd. Secure Boot Signing (2017): 242ade75ac4a15e50d50c84b0d45ff3eae707a03'
[    0.752033] Loaded X.509 cert 'Canonical Ltd. Secure Boot Signing (ESM 2018): 365188c1d374d6b07c3c8f240f8ef722433d6a8b'
[    0.752057] Loaded X.509 cert 'Canonical Ltd. Secure Boot Signing (2019): c0746fd6c5da3ae827864651ad66ae47fe24b3e8'
[    0.752083] Loaded X.509 cert 'Canonical Ltd. Secure Boot Signing (2021 v1): a8d54bbb3825cfb94fa13c9f8a594a195c107b8d'
[    0.752109] Loaded X.509 cert 'Canonical Ltd. Secure Boot Signing (2021 v2): 4cf046892d6fd3c9a5b03f98d845f90851dc6a8c'
[    0.752132] Loaded X.509 cert 'Canonical Ltd. Secure Boot Signing (2021 v3): 100437bb6de6e469b581e61cd66bce3ef4ed53af'
[    0.752159] Loaded X.509 cert 'Canonical Ltd. Secure Boot Signing (Ubuntu Core 2019): c1d57b8f6b743f23ee41f4f7ee292f06eecadfb9'
[    0.752223] zswap: loaded using pool lzo/zbud
[    0.752570] Key type .fscrypt registered
[    0.752572] Key type fscrypt-provisioning registered
[    0.756625] Key type encrypted registered
[    0.756632] AppArmor: AppArmor sha1 policy hashing enabled
[    0.756646] ima: No TPM chip found, activating TPM-bypass!
[    0.756653] Loading compiled-in module X.509 certificates
[    0.757589] Loaded X.509 cert 'Build time autogenerated kernel key: 978dfca12c8b590421d1f1330e9cbbfdf01d8001'
[    0.757595] ima: Allocated hash algorithm: sha1
[    0.757604] ima: No architecture policies found
[    0.757620] evm: Initialising EVM extended attributes:
[    0.757621] evm: security.selinux
[    0.757622] evm: security.SMACK64
[    0.757623] evm: security.SMACK64EXEC
[    0.757624] evm: security.SMACK64TRANSMUTE
[    0.757626] evm: security.SMACK64MMAP
[    0.757627] evm: security.apparmor
[    0.757628] evm: security.ima
[    0.757629] evm: security.capability
[    0.757630] evm: HMAC attrs: 0x1
[    0.758138] PM:   Magic number: 4:369:158
[    0.758395] RAS: Correctable Errors collector initialized.
[    0.760886] Freeing unused decrypted memory: 2036K
[    0.761574] Freeing unused kernel image (initmem) memory: 3356K
[    0.766074] Write protecting the kernel read-only data: 30720k
[    0.766800] Freeing unused kernel image (text/rodata gap) memory: 2036K
[    0.767105] Freeing unused kernel image (rodata/data gap) memory: 1432K
[    0.865330] x86/mm: Checked W+X mappings: passed, no W+X pages found.
[    0.865417] Run /init as init process
[    0.865421]   with arguments:
[    0.865423]     /init
[    0.865424]     splash
[    0.865426]   with environment:
[    0.865427]     HOME=/
[    0.865428]     TERM=linux
[    0.865430]     BOOT_IMAGE=/boot/vmlinuz-5.15.0-101-generic
[    0.996166] usb 2-1: new full-speed USB device number 2 using ohci-pci
[    1.062218] piix4_smbus 0000:00:07.0: SMBus Host Controller at 0x4100, revision 0
[    1.063447] ahci 0000:00:0d.0: version 3.0
[    1.063826] ahci 0000:00:0d.0: SSS flag set, parallel bus scan disabled
[    1.063919] ahci 0000:00:0d.0: AHCI 0001.0100 32 slots 1 ports 3 Gbps 0x1 impl SATA mode
[    1.063922] ahci 0000:00:0d.0: flags: 64bit ncq stag only ccc 
[    1.064662] e1000: Intel(R) PRO/1000 Network Driver
[    1.064663] e1000: Copyright (c) 1999-2006 Intel Corporation.
[    1.070154] scsi host2: ahci
[    1.070208] ata3: SATA max UDMA/133 abar m8192@0xf0806000 port 0xf0806100 irq 21
[    1.088438] ACPI: video: Video Device [GFX0] (multi-head: yes  rom: no  post: no)
[    1.088491] input: Video Bus as /devices/LNXSYSTM:00/LNXSYBUS:00/PNP0A03:00/LNXVIDEO:00/input/input5
[    1.274528] input: ImExPS/2 Generic Explorer Mouse as /devices/platform/i8042/serio1/input/input4
[    1.331536] usb 2-1: New USB device found, idVendor=80ee, idProduct=0021, bcdDevice= 1.00
[    1.331541] usb 2-1: New USB device strings: Mfr=1, Product=3, SerialNumber=0
[    1.331542] usb 2-1: Product: USB Tablet
[    1.331543] usb 2-1: Manufacturer: VirtualBox
[    1.339250] hid: raw HID events driver (C) Jiri Kosina
[    1.386551] ata3: SATA link up 3.0 Gbps (SStatus 123 SControl 300)
[    1.386797] ata3.00: ATA-6: VBOX HARDDISK, 1.0, max UDMA/133
[    1.386800] ata3.00: 52428800 sectors, multi 128: LBA48 NCQ (depth 32)
[    1.387041] ata3.00: configured for UDMA/133
[    1.387114] scsi 2:0:0:0: Direct-Access     ATA      VBOX HARDDISK    1.0  PQ: 0 ANSI: 5
[    1.387326] sd 2:0:0:0: [sda] 52428800 512-byte logical blocks: (26.8 GB/25.0 GiB)
[    1.387331] sd 2:0:0:0: [sda] Write Protect is off
[    1.387332] sd 2:0:0:0: [sda] Mode Sense: 00 3a 00 00
[    1.387339] sd 2:0:0:0: [sda] Write cache: enabled, read cache: enabled, doesn't support DPO or FUA
[    1.387548] sd 2:0:0:0: Attached scsi generic sg1 type 0
[    1.390045]  sda: sda1 sda2 < sda5 >
[    1.390361] sd 2:0:0:0: [sda] Attached SCSI disk
[    1.407044] usbcore: registered new interface driver usbhid
[    1.407046] usbhid: USB HID core driver
[    1.408601] input: VirtualBox USB Tablet as /devices/pci0000:00/0000:00:06.0/usb2/2-1/2-1:1.0/0003:80EE:0021.0001/input/input6
[    1.408714] hid-generic 0003:80EE:0021.0001: input,hidraw0: USB HID v1.10 Mouse [VirtualBox USB Tablet] on usb-0000:00:06.0-1/input0
[    1.426060] e1000 0000:00:03.0 eth0: (PCI:33MHz:32-bit) 08:00:27:97:03:90
[    1.426066] e1000 0000:00:03.0 eth0: Intel(R) PRO/1000 Network Connection
[    1.427765] e1000 0000:00:03.0 enp0s3: renamed from eth0
[    1.461471] EXT4-fs (sda5): mounted filesystem with ordered data mode. Opts: (null). Quota mode: none.
[    1.590868] systemd[1]: Inserted module 'autofs4'
[    1.608512] systemd[1]: systemd 245.4-4ubuntu3.23 running in system mode. (+PAM +AUDIT +SELINUX +IMA +APPARMOR +SMACK +SYSVINIT +UTMP +LIBCRYPTSETUP +GCRYPT +GNUTLS +ACL +XZ +LZ4 +SECCOMP +BLKID +ELFUTILS +KMOD +IDN2 -IDN +PCRE2 default-hierarchy=hybrid)
[    1.608535] systemd[1]: Detected virtualization oracle.
[    1.608538] systemd[1]: Detected architecture x86-64.
[    1.609392] systemd[1]: Set hostname to <ubuntu>.
[    1.776764] systemd[1]: Created slice system-modprobe.slice.
[    1.776918] systemd[1]: Created slice system-systemd\x2dfsck.slice.
[    1.777032] systemd[1]: Created slice User and Session Slice.
[    1.777075] systemd[1]: Started Forward Password Requests to Wall Directory Watch.
[    1.777180] systemd[1]: Set up automount Arbitrary Executable File Formats File System Automount Point.
[    1.777403] systemd[1]: Reached target User and Group Name Lookups.
[    1.777412] systemd[1]: Reached target Remote File Systems.
[    1.777419] systemd[1]: Reached target Slices.
[    1.777427] systemd[1]: Reached target Mounting snaps.
[    1.777493] systemd[1]: Listening on Syslog Socket.
[    1.777539] systemd[1]: Listening on fsck to fsckd communication Socket.
[    1.777570] systemd[1]: Listening on initctl Compatibility Named Pipe.
[    1.777659] systemd[1]: Listening on Journal Audit Socket.
[    1.777699] systemd[1]: Listening on Journal Socket (/dev/log).
[    1.777749] systemd[1]: Listening on Journal Socket.
[    1.777798] systemd[1]: Listening on udev Control Socket.
[    1.777835] systemd[1]: Listening on udev Kernel Socket.
[    1.778529] systemd[1]: Mounting Huge Pages File System...
[    1.779128] systemd[1]: Mounting POSIX Message Queue File System...
[    1.779717] systemd[1]: Mounting Kernel Debug File System...
[    1.780267] systemd[1]: Mounting Kernel Trace File System...
[    1.781002] systemd[1]: Starting Journal Service...
[    1.782085] systemd[1]: Starting Set the console keyboard layout...
[    1.818384] systemd[1]: Starting Create list of static device nodes for the current kernel...
[    1.821153] systemd[1]: Starting Load Kernel Module chromeos_pstore...
[    1.823494] systemd[1]: Starting Load Kernel Module drm...
[    1.824794] systemd[1]: Starting Load Kernel Module efi_pstore...
[    1.828935] systemd[1]: Starting Load Kernel Module pstore_blk...
[    1.838435] systemd[1]: Starting Load Kernel Module pstore_zone...
[    1.843746] systemd[1]: Starting Load Kernel Module ramoops...
[    1.846016] systemd[1]: Condition check resulted in Set Up Additional Binary Formats being skipped.
[    1.846035] systemd[1]: Condition check resulted in File System Check on Root Device being skipped.
[    1.847633] systemd[1]: Starting Load Kernel Modules...
[    1.848960] systemd[1]: Starting Remount Root and Kernel File Systems...
[    1.858739] systemd[1]: Starting udev Coldplug all Devices...
[    1.860806] EXT4-fs (sda5): re-mounted. Opts: errors=remount-ro. Quota mode: none.
[    1.865905] systemd[1]: Starting Uncomplicated firewall...
[    1.875691] systemd[1]: Mounted Huge Pages File System.
[    1.875762] systemd[1]: Mounted POSIX Message Queue File System.
[    1.875815] systemd[1]: Mounted Kernel Debug File System.
[    1.875867] systemd[1]: Mounted Kernel Trace File System.
[    1.886556] systemd[1]: Finished Create list of static device nodes for the current kernel.
[    1.886744] systemd[1]: modprobe@chromeos_pstore.service: Succeeded.
[    1.887904] systemd[1]: Finished Load Kernel Module chromeos_pstore.
[    1.888134] systemd[1]: modprobe@drm.service: Succeeded.
[    1.888324] systemd[1]: Finished Load Kernel Module drm.
[    1.888565] systemd[1]: modprobe@efi_pstore.service: Succeeded.
[    1.888878] systemd[1]: Finished Load Kernel Module efi_pstore.
[    1.889049] systemd[1]: modprobe@pstore_blk.service: Succeeded.
[    1.891689] lp: driver loaded but no devices found
[    1.891816] systemd[1]: Finished Load Kernel Module pstore_blk.
[    1.892008] systemd[1]: modprobe@pstore_zone.service: Succeeded.
[    1.892459] systemd[1]: Finished Load Kernel Module pstore_zone.
[    1.892584] systemd[1]: modprobe@ramoops.service: Succeeded.
[    1.893462] systemd[1]: Finished Load Kernel Module ramoops.
[    1.893731] systemd[1]: Finished Remount Root and Kernel File Systems.
[    1.900545] systemd[1]: Finished Uncomplicated firewall.
[    1.900689] systemd[1]: Started Journal Service.
[    1.902158] ppdev: user-space parallel port driver
[    1.928653] Adding 1190340k swap on /swapfile.  Priority:-2 extents:5 across:1223108k FS
[    1.938579] systemd-journald[225]: Received client request to flush runtime journal.
[    2.001232] loop0: detected capacity change from 0 to 8
[    2.006226] loop1: detected capacity change from 0 to 129608
[    2.006296] loop2: detected capacity change from 0 to 130880
[    2.006332] loop3: detected capacity change from 0 to 709280
[    2.021330] loop4: detected capacity change from 0 to 716176
[    2.031521] loop5: detected capacity change from 0 to 187776
[    2.039618] loop6: detected capacity change from 0 to 94064
[    2.046818] loop7: detected capacity change from 0 to 102072
[    2.318590] vboxguest: host-version: 7.0.14r161095 0x8000000f
[    2.319124] vbg_heartbeat_init: Setting up heartbeat to trigger every 2000 milliseconds
[    2.319184] input: VirtualBox mouse integration as /devices/pci0000:00/0000:00:04.0/input/input7
[    2.333017] vboxguest: misc device minor 123, IRQ 20, I/O port d040, MMIO at 0x00000000f0400000 (size 0x0000000000400000)
[    2.464105] RAPL PMU: API unit is 2^-32 Joules, 0 fixed counters, 10737418240 ms ovfl timer
[    2.504643] cryptd: max_cpu_qlen set to 1000
[    2.532304] AVX2 version of gcm_enc/dec engaged.
[    2.532318] AES CTR mode by8 optimization enabled
[    2.625535] vmwgfx 0000:00:02.0: vgaarb: deactivate vga console
[    2.626804] Console: switching to colour dummy device 80x25
[    2.647048] [TTM] Zone  kernel: Available graphics memory: 1005622 KiB
[    2.647369] vmwgfx 0000:00:02.0: [drm] FIFO at 0x00000000f0000000 size is 2048 kiB
[    2.647380] vmwgfx 0000:00:02.0: [drm] VRAM at 0x00000000e0000000 size is 16384 kiB
[    2.647417] vmwgfx 0000:00:02.0: [drm] Running on SVGA version 2.
[    2.647430] vmwgfx 0000:00:02.0: [drm] DMA map mode: Caching DMA mappings.
[    2.647514] vmwgfx 0000:00:02.0: [drm] Legacy memory limits: VRAM = 16384 kB, FIFO = 2048 kB, surface = 507904 kB
[    2.647515] vmwgfx 0000:00:02.0: [drm] MOB limits: max mob size = 0 kB, max mob pages = 0
[    2.647518] vmwgfx 0000:00:02.0: [drm] Capabilities: rect copy, cursor, cursor bypass, cursor bypass 2, alpha cursor, extended fifo, pitchlock, irq mask, gmr, traces, gmr2, screen object 2, command buffers, 
[    2.647519] vmwgfx 0000:00:02.0: [drm] Max GMR ids is 8192
[    2.647520] vmwgfx 0000:00:02.0: [drm] Max number of GMR pages is 1048576
[    2.647521] vmwgfx 0000:00:02.0: [drm] Maximum display memory size is 16384 kiB
[    2.686560] vmwgfx 0000:00:02.0: [drm] Screen Object display unit initialized
[    2.687093] vmwgfx 0000:00:02.0: [drm] Fifo max 0x00200000 min 0x00001000 cap 0x00000355
[    2.687184] vmwgfx 0000:00:02.0: [drm] Using command buffers with DMA pool.
[    2.687192] vmwgfx 0000:00:02.0: [drm] Available shader model: Legacy.
[    2.687196] [drm:vmw_host_printf [vmwgfx]] *ERROR* Failed to send host log message.
[    2.688554] fbcon: svgadrmfb (fb0) is primary device
[    2.689038] Console: switching to colour frame buffer device 100x37
[    2.705878] [drm] Initialized vmwgfx 2.19.0 20210722 for 0000:00:02.0 on minor 0
[    2.942916] audit: type=1400 audit(1712373002.899:2): apparmor="STATUS" operation="profile_load" profile="unconfined" name="lsb_release" pid=466 comm="apparmor_parser"
[    2.949774] audit: type=1400 audit(1712373002.903:3): apparmor="STATUS" operation="profile_load" profile="unconfined" name="ubuntu_pro_apt_news" pid=471 comm="apparmor_parser"
[    2.963167] audit: type=1400 audit(1712373002.919:4): apparmor="STATUS" operation="profile_load" profile="unconfined" name="libreoffice-senddoc" pid=473 comm="apparmor_parser"
[    2.970851] audit: type=1400 audit(1712373002.927:5): apparmor="STATUS" operation="profile_load" profile="unconfined" name="ippusbxd" pid=476 comm="apparmor_parser"
[    3.092248] snd_intel8x0 0000:00:05.0: allow list rate for 1028:0177 is 48000
[    3.123459] audit: type=1400 audit(1712373003.079:6): apparmor="STATUS" operation="profile_load" profile="unconfined" name="/usr/bin/evince" pid=479 comm="apparmor_parser"
[    3.123463] audit: type=1400 audit(1712373003.079:7): apparmor="STATUS" operation="profile_load" profile="unconfined" name="/usr/bin/evince//sanitized_helper" pid=479 comm="apparmor_parser"
[    3.123464] audit: type=1400 audit(1712373003.079:8): apparmor="STATUS" operation="profile_load" profile="unconfined" name="/usr/bin/evince-previewer" pid=479 comm="apparmor_parser"
[    3.123465] audit: type=1400 audit(1712373003.079:9): apparmor="STATUS" operation="profile_load" profile="unconfined" name="/usr/bin/evince-previewer//sanitized_helper" pid=479 comm="apparmor_parser"
[    3.123467] audit: type=1400 audit(1712373003.079:10): apparmor="STATUS" operation="profile_load" profile="unconfined" name="/usr/bin/evince-thumbnailer" pid=479 comm="apparmor_parser"
[    4.059436] loop8: detected capacity change from 0 to 8
[    4.250696] e1000: enp0s3 NIC Link is Up 1000 Mbps Full Duplex, Flow Control: RX
[    4.251573] IPv6: ADDRCONF(NETDEV_CHANGE): enp0s3: link becomes ready
[    6.620100] rfkill: input handler disabled
[   12.170036] rfkill: input handler enabled
[   16.287515] rfkill: input handler disabled
[  354.995781] hello: loading out-of-tree module taints kernel.
[  354.995812] hello: module verification failed: signature and/or required key missing - tainting kernel
[  354.995895] Hello, Kernel 
[  755.930088] Goodbye, Kernel 
codr@ubuntu:~/ece373/assignment1$ 
codr@ubuntu:~/ECE373/assignment1/d_kernel$ sudo dmesg | tail
[20069.050214] [  12329]  1000 12329    15475      349   118784        0           100 firefox
[20069.050216] [  12330]  1000 12330  1055342    40860  1789952    19999             0 Chroot Helper
[20069.050218] [  12333]  1000 12333     7691      158    65536        0           100 firefox
[20069.050220] [  12334]  1000 12334  1059698    41067  1806336    19995             0 Chroot Helper
[20069.050221] oom-kill:constraint=CONSTRAINT_NONE,nodemask=(null),cpuset=/,mems_allowed=0,global_oom,task_memcg=/user.slice/user-1000.slice/user@1000.service,task=Isolated Web Co,pid=7535,uid=1000
[20069.050254] Out of memory: Killed process 7535 (Isolated Web Co) total-vm:3346984kB, anon-rss:586908kB, file-rss:0kB, shmem-rss:13824kB, UID:1000 pgtables:3780kB oom_score_adj:100
[20291.969240] hello: loading out-of-tree module taints kernel.
[20291.969276] hello: module verification failed: signature and/or required key missing - tainting kernel
[20291.969442] Hello, Kernel 
[20304.147863] Goodbye, Kernel 
codr@ubuntu:~/ECE373/assignment1/d_kernel$ 


